Component: ARM Compiler 5.06 update 6 (build 750) Tool: armlink [4d35ed]

==============================================================================

Section Cross References

    main.o(i.hal_low_power_io_init) refers to gpio.o(i.hal_gpio_pull_set) for hal_gpio_pull_set
    main.o(i.hal_low_power_io_init) refers to pwrmgr.o(i.hal_pwrmgr_RAM_retention) for hal_pwrmgr_RAM_retention
    main.o(i.hal_low_power_io_init) refers to pwrmgr.o(i.hal_pwrmgr_RAM_retention_set) for hal_pwrmgr_RAM_retention_set
    main.o(i.hal_low_power_io_init) refers to pwrmgr.o(i.hal_pwrmgr_LowCurrentLdo_enable) for hal_pwrmgr_LowCurrentLdo_enable
    main.o(i.hal_low_power_io_init) refers to main.o(.constdata) for .constdata
    main.o(i.hal_rfphy_init) refers to patch.o(i.hal_rom_boot_init) for hal_rom_boot_init
    main.o(i.hal_rfphy_init) refers to main.o(i.__NVIC_SetPriority) for __NVIC_SetPriority
    main.o(i.hal_rfphy_init) refers to main.o(.bss) for .bss
    main.o(i.main) refers to patch.o(_section_xip_code_) for init_config
    main.o(i.main) refers to main.o(i.hal_rfphy_init) for hal_rfphy_init
    main.o(i.main) refers to main.o(i.hal_low_power_io_init) for hal_low_power_io_init
    main.o(i.main) refers to clock.o(i.hal_rtc_clock_config) for hal_rtc_clock_config
    main.o(i.main) refers to pwrmgr.o(i.hal_pwrmgr_init) for hal_pwrmgr_init
    main.o(i.main) refers to flash.o(i.hal_spif_cache_init) for hal_spif_cache_init
    main.o(i.main) refers to gpio.o(i.hal_gpio_init) for hal_gpio_init
    main.o(i.main) refers to slboot.o(i.slboot_main) for slboot_main
    main.o(i.main) refers to main.o(.data) for .data
    main.o(i.main) refers to main.o(.constdata) for .constdata
    ota_flash.o(i.ota_flash_erase) refers to flash.o(i.hal_flash_erase_sector) for hal_flash_erase_sector
    ota_flash.o(i.ota_flash_erase_area) refers to flash.o(i.hal_flash_erase_sector) for hal_flash_erase_sector
    ota_flash.o(i.ota_flash_read_bootsector) refers to ota_flash.o(ota_app_loader_area) for ota_flash_read
    ota_flash.o(i.ota_flash_write_boot_sector) refers to flash.o(i.hal_flash_write_by_dma) for hal_flash_write_by_dma
    ota_flash.o(i.ota_flash_write_partition) refers to flash.o(i.hal_flash_write_by_dma) for hal_flash_write_by_dma
    ota_flash.o(ota_app_loader_area) refers to aes.o(i.is_crypto_app) for is_crypto_app
    ota_flash.o(ota_app_loader_area) refers to aes.o(i.flash_check_parition) for flash_check_parition
    ota_flash.o(ota_app_loader_area) refers to aes.o(i.flash_load_parition) for flash_load_parition
    ota_flash.o(ota_app_loader_area) refers to clock.o(i.hal_system_soft_reset) for hal_system_soft_reset
    ota_flash.o(ota_app_loader_area) refers to ota_flash.o(ota_app_loader_area) for ota_app_loader_area
    slb.o(i.slb_apply_exch_zone_to_fw) refers to slb.o(i.slb_spif_read) for slb_spif_read
    slb.o(i.slb_apply_exch_zone_to_fw) refers to ota_flash.o(ota_app_loader_area) for crc16
    slb.o(i.slb_apply_exch_zone_to_fw) refers to slb.o(i.slb_spif_write) for slb_spif_write
    slb.o(i.slb_apply_exch_zone_to_fw) refers to ota_flash.o(i.ota_flash_erase) for ota_flash_erase
    slb.o(i.slb_apply_exch_zone_to_fw) refers to slb.o(i.slb_spif_erase) for slb_spif_erase
    slb.o(i.slb_apply_exch_zone_to_fw) refers to slb.o(ota_partition_buffer_area) for ota_partition_buffer_area
    slb.o(i.slb_boot_load_exch_zone) refers to slb.o(i.slb_spif_read) for slb_spif_read
    slb.o(i.slb_boot_load_exch_zone) refers to slb.o(i.slb_spif_write) for slb_spif_write
    slb.o(i.slb_boot_load_exch_zone) refers to slb.o(i.slb_apply_exch_zone_to_fw) for slb_apply_exch_zone_to_fw
    slb.o(i.slb_boot_load_exch_zone) refers to slb.o(.data) for .data
    slb.o(i.slb_boot_recover_exch_zone) refers to slb.o(i.slb_spif_read) for slb_spif_read
    slb.o(i.slb_boot_recover_exch_zone) refers to slb.o(i.slb_spif_write) for slb_spif_write
    slb.o(i.slb_boot_recover_exch_zone) refers to slb.o(.data) for .data
    slb.o(i.slb_flash_calc_checksum) refers to ota_flash.o(ota_app_loader_area) for crc16
    slb.o(i.slb_spif_erase) refers to flash.o(i.hal_flash_erase_sector) for hal_flash_erase_sector
    slb.o(i.slb_spif_write) refers to flash.o(i.hal_flash_write_by_dma) for hal_flash_write_by_dma
    slb.o(.data) refers to slb.o(.conststring) for .conststring
    slb.o(.data) refers to slb.o(.conststring) for .conststring
    jump_table.o(.emb_text) refers to jump_table.o(i._hard_fault) for _hard_fault
    jump_table.o(i._hard_fault) refers to jump_table.o(.data) for .data
    jump_table.o(jump_table_mem_area) refers to slboot.o(i.osalInitTasks) for osalInitTasks
    jump_table.o(jump_table_mem_area) refers to slboot.o(.constdata) for tasksArr
    jump_table.o(jump_table_mem_area) refers to slboot.o(.constdata) for tasksCnt
    jump_table.o(jump_table_mem_area) refers to slboot.o(.data) for tasksEvents
[...]
    ll_hw_process_RTO                        0x00010e05   Thumb Code     0  bb_rom_sym_m0.txt ABSOLUTE
    ll_hw_read_rfifo                         0x00010e6d   Thumb Code     0  bb_rom_sym_m0.txt ABSOLUTE
    ll_hw_read_rfifo_pplus                   0x00010ee9   Thumb Code     0  bb_rom_sym_m0.txt ABSOLUTE
    ll_hw_read_rfifo_zb                      0x00010f51   Thumb Code     0  bb_rom_sym_m0.txt ABSOLUTE
    ll_hw_read_tfifo_packet                  0x00010fad   Thumb Code     0  bb_rom_sym_m0.txt ABSOLUTE
    ll_hw_read_tfifo_rtlp                    0x00010ff5   Thumb Code     0  bb_rom_sym_m0.txt ABSOLUTE
    ll_hw_rst_rfifo                          0x000110b1   Thumb Code     0  bb_rom_sym_m0.txt ABSOLUTE
    ll_hw_rst_tfifo                          0x000110e9   Thumb Code     0  bb_rom_sym_m0.txt ABSOLUTE
    ll_hw_set_ant_pattern                    0x000110f5   Thumb Code     0  bb_rom_sym_m0.txt ABSOLUTE
    ll_hw_set_ant_switch_mode                0x00011101   Thumb Code     0  bb_rom_sym_m0.txt ABSOLUTE
    ll_hw_set_ant_switch_timing              0x00011115   Thumb Code     0  bb_rom_sym_m0.txt ABSOLUTE
    ll_hw_set_crc_fmt                        0x0001112d   Thumb Code     0  bb_rom_sym_m0.txt ABSOLUTE
    ll_hw_set_cte_rxSupp                     0x0001113d   Thumb Code     0  bb_rom_sym_m0.txt ABSOLUTE
    ll_hw_set_cte_txSupp                     0x00011155   Thumb Code     0  bb_rom_sym_m0.txt ABSOLUTE
    ll_hw_set_empty_head                     0x00011169   Thumb Code     0  bb_rom_sym_m0.txt ABSOLUTE
    ll_hw_set_irq                            0x00011175   Thumb Code     0  bb_rom_sym_m0.txt ABSOLUTE
    ll_hw_set_loop_nack_num                  0x00011181   Thumb Code     0  bb_rom_sym_m0.txt ABSOLUTE
    ll_hw_set_loop_timeout                   0x0001118d   Thumb Code     0  bb_rom_sym_m0.txt ABSOLUTE
    ll_hw_set_pplus_pktfmt                   0x000111a1   Thumb Code     0  bb_rom_sym_m0.txt ABSOLUTE
    ll_hw_set_rtlp                           0x000111cd   Thumb Code     0  bb_rom_sym_m0.txt ABSOLUTE
    ll_hw_set_rtlp_1st                       0x0001121d   Thumb Code     0  bb_rom_sym_m0.txt ABSOLUTE
    ll_hw_set_rtx                            0x00011265   Thumb Code     0  bb_rom_sym_m0.txt ABSOLUTE
    ll_hw_set_rx_timeout                     0x00011279   Thumb Code     0  bb_rom_sym_m0.txt ABSOLUTE
    ll_hw_set_rx_timeout_1st                 0x00011285   Thumb Code     0  bb_rom_sym_m0.txt ABSOLUTE
    ll_hw_set_rx_tx_interval                 0x00011291   Thumb Code     0  bb_rom_sym_m0.txt ABSOLUTE
    ll_hw_set_srx                            0x000112a5   Thumb Code     0  bb_rom_sym_m0.txt ABSOLUTE
    ll_hw_set_stx                            0x000112b9   Thumb Code     0  bb_rom_sym_m0.txt ABSOLUTE
    ll_hw_set_tfifo_space                    0x000112cd   Thumb Code     0  bb_rom_sym_m0.txt ABSOLUTE
    ll_hw_set_timing                         0x000112e5   Thumb Code     0  bb_rom_sym_m0.txt ABSOLUTE
    ll_hw_set_trlp                           0x00011381   Thumb Code     0  bb_rom_sym_m0.txt ABSOLUTE
    ll_hw_set_trx                            0x000113c9   Thumb Code     0  bb_rom_sym_m0.txt ABSOLUTE
    ll_hw_set_trx_settle                     0x000113dd   Thumb Code     0  bb_rom_sym_m0.txt ABSOLUTE
    ll_hw_set_tx_rx_interval                 0x000113f1   Thumb Code     0  bb_rom_sym_m0.txt ABSOLUTE
    ll_hw_set_tx_rx_release                  0x00011405   Thumb Code     0  bb_rom_sym_m0.txt ABSOLUTE
    ll_hw_trigger                            0x00011421   Thumb Code     0  bb_rom_sym_m0.txt ABSOLUTE
    ll_hw_trx_settle_config                  0x00011445   Thumb Code     0  bb_rom_sym_m0.txt ABSOLUTE
    ll_hw_tx2rx_timing_config                0x00011489   Thumb Code     0  bb_rom_sym_m0.txt ABSOLUTE
    ll_hw_update                             0x000114dd   Thumb Code     0  bb_rom_sym_m0.txt ABSOLUTE
    ll_hw_update_rtlp_mode                   0x00011539   Thumb Code     0  bb_rom_sym_m0.txt ABSOLUTE
    ll_hw_update_trlp_mode                   0x00011579   Thumb Code     0  bb_rom_sym_m0.txt ABSOLUTE
    ll_hw_write_tfifo                        0x000115c1   Thumb Code     0  bb_rom_sym_m0.txt ABSOLUTE
    ll_isAddrInWhiteList                     0x00011649   Thumb Code     0  bb_rom_sym_m0.txt ABSOLUTE
    ll_isFirstAdvChn                         0x000116a9   Thumb Code     0  bb_rom_sym_m0.txt ABSOLUTE
    ll_isIrkAllZero                          0x000116c7   Thumb Code     0  bb_rom_sym_m0.txt ABSOLUTE
    ll_isLegacyAdv                           0x000116dd   Thumb Code     0  bb_rom_sym_m0.txt ABSOLUTE
    ll_parseExtHeader                        0x000116ed   Thumb Code     0  bb_rom_sym_m0.txt ABSOLUTE
    ll_prd_adv_schedule_next_event           0x000117a9   Thumb Code     0  bb_rom_sym_m0.txt ABSOLUTE
    ll_prd_scan_schedule_next_event          0x000117cd   Thumb Code     0  bb_rom_sym_m0.txt ABSOLUTE
    ll_processBasicIRQ                       0x000117e9   Thumb Code     0  bb_rom_sym_m0.txt ABSOLUTE
    ll_processExtAdvIRQ                      0x00013401   Thumb Code     0  bb_rom_sym_m0.txt ABSOLUTE
    ll_processExtInitIRQ                     0x00013405   Thumb Code     0  bb_rom_sym_m0.txt ABSOLUTE
    ll_processExtScanIRQ                     0x00013409   Thumb Code     0  bb_rom_sym_m0.txt ABSOLUTE
    ll_processMissMasterEvt                  0x0001340d   Thumb Code     0  bb_rom_sym_m0.txt ABSOLUTE
    ll_processMissSlaveEvt                   0x000134ed   Thumb Code     0  bb_rom_sym_m0.txt ABSOLUTE
    ll_processPrdAdvIRQ                      0x000135f5   Thumb Code     0  bb_rom_sym_m0.txt ABSOLUTE
    ll_processPrdScanIRQ                     0x000135f9   Thumb Code     0  bb_rom_sym_m0.txt ABSOLUTE
    ll_readLocalIRK                          0x000135fd   Thumb Code     0  bb_rom_sym_m0.txt ABSOLUTE
    ll_read_rxfifo                           0x000136c5   Thumb Code     0  bb_rom_sym_m0.txt ABSOLUTE
    ll_schedule_next_event                   0x00013761   Thumb Code     0  bb_rom_sym_m0.txt ABSOLUTE
    ll_scheduler                             0x00013771   Thumb Code     0  bb_rom_sym_m0.txt ABSOLUTE
    ll_scheduler0                            0x00013789   Thumb Code     0  bb_rom_sym_m0.txt ABSOLUTE
    ll_updateAuxAdvTimeSlot                  0x00013a11   Thumb Code     0  bb_rom_sym_m0.txt ABSOLUTE
    ll_updateExtAdvRemainderTime             0x00013a39   Thumb Code     0  bb_rom_sym_m0.txt ABSOLUTE
    log_clr_putc                             0x00013ab9   Thumb Code     0  bb_rom_sym_m0.txt ABSOLUTE
    log_debug_level                          0x00013ac5   Thumb Code     0  bb_rom_sym_m0.txt ABSOLUTE
    log_get_debug_level                      0x00013ad9   Thumb Code     0  bb_rom_sym_m0.txt ABSOLUTE
    log_printf                               0x00013ae5   Thumb Code     0  bb_rom_sym_m0.txt ABSOLUTE
    log_set_putc                             0x00013b05   Thumb Code     0  bb_rom_sym_m0.txt ABSOLUTE
    log_vsprintf                             0x00013b11   Thumb Code     0  bb_rom_sym_m0.txt ABSOLUTE
    move_to_master_function                  0x00013f09   Thumb Code     0  bb_rom_sym_m0.txt ABSOLUTE
    move_to_slave_function                   0x0001406d   Thumb Code     0  bb_rom_sym_m0.txt ABSOLUTE
    osalAddTimer                             0x00014439   Thumb Code     0  bb_rom_sym_m0.txt ABSOLUTE
    osalDeleteTimer                          0x000144a9   Thumb Code     0  bb_rom_sym_m0.txt ABSOLUTE
    osalFindTimer                            0x000144b5   Thumb Code     0  bb_rom_sym_m0.txt ABSOLUTE
    osalTimeUpdate                           0x000144d5   Thumb Code     0  bb_rom_sym_m0.txt ABSOLUTE
    osalTimeUpdate1                          0x00014541   Thumb Code     0  bb_rom_sym_m0.txt ABSOLUTE
    osalTimerInit                            0x0001457d   Thumb Code     0  bb_rom_sym_m0.txt ABSOLUTE
    osalTimerUpdate                          0x00014589   Thumb Code     0  bb_rom_sym_m0.txt ABSOLUTE
    osal_CbTimerInit                         0x00014621   Thumb Code     0  bb_rom_sym_m0.txt ABSOLUTE
    osal_CbTimerProcessEvent                 0x00014641   Thumb Code     0  bb_rom_sym_m0.txt ABSOLUTE
    osal_CbTimerStart                        0x000146a9   Thumb Code     0  bb_rom_sym_m0.txt ABSOLUTE
    osal_CbTimerStop                         0x00014711   Thumb Code     0  bb_rom_sym_m0.txt ABSOLUTE
    osal_CbTimerUpdate                       0x00014751   Thumb Code     0  bb_rom_sym_m0.txt ABSOLUTE
    osal_ConvertUTCSecs                      0x000147a1   Thumb Code     0  bb_rom_sym_m0.txt ABSOLUTE
    osal_ConvertUTCTime                      0x00014841   Thumb Code     0  bb_rom_sym_m0.txt ABSOLUTE
    osal_GetSystemClock                      0x00014949   Thumb Code     0  bb_rom_sym_m0.txt ABSOLUTE
    osal_bm_adjust_header                    0x00014955   Thumb Code     0  bb_rom_sym_m0.txt ABSOLUTE
    osal_bm_adjust_tail                      0x0001497d   Thumb Code     0  bb_rom_sym_m0.txt ABSOLUTE
    osal_bm_alloc                            0x000149a9   Thumb Code     0  bb_rom_sym_m0.txt ABSOLUTE
    osal_bm_free                             0x000149d9   Thumb Code     0  bb_rom_sym_m0.txt ABSOLUTE
    osal_buffer_uint24                       0x00014a21   Thumb Code     0  bb_rom_sym_m0.txt ABSOLUTE
    osal_buffer_uint32                       0x00014a2f   Thumb Code     0  bb_rom_sym_m0.txt ABSOLUTE
    osal_build_uint16                        0x00014a41   Thumb Code     0  bb_rom_sym_m0.txt ABSOLUTE
    osal_build_uint32                        0x00014a4d   Thumb Code     0  bb_rom_sym_m0.txt ABSOLUTE
    osal_clear_event                         0x00014a89   Thumb Code     0  bb_rom_sym_m0.txt ABSOLUTE
    osal_getClock                            0x00014abd   Thumb Code     0  bb_rom_sym_m0.txt ABSOLUTE
    osal_get_timeoutEx                       0x00014ac9   Thumb Code     0  bb_rom_sym_m0.txt ABSOLUTE
    osal_init_system                         0x00014aed   Thumb Code     0  bb_rom_sym_m0.txt ABSOLUTE
    osal_isbufset                            0x00014b1d   Thumb Code     0  bb_rom_sym_m0.txt ABSOLUTE
    osal_mem_alloc                           0x00014b3d   Thumb Code     0  bb_rom_sym_m0.txt ABSOLUTE
    osal_mem_free                            0x00014c01   Thumb Code     0  bb_rom_sym_m0.txt ABSOLUTE
    osal_mem_init                            0x00014c25   Thumb Code     0  bb_rom_sym_m0.txt ABSOLUTE
    osal_mem_kick                            0x00014c8d   Thumb Code     0  bb_rom_sym_m0.txt ABSOLUTE
    osal_mem_set_heap                        0x00014cb5   Thumb Code     0  bb_rom_sym_m0.txt ABSOLUTE
    osal_memcmp                              0x00014ccd   Thumb Code     0  bb_rom_sym_m0.txt ABSOLUTE
    osal_memcpy                              0x00014ce9   Thumb Code     0  bb_rom_sym_m0.txt ABSOLUTE
    osal_memdup                              0x00014cf9   Thumb Code     0  bb_rom_sym_m0.txt ABSOLUTE
    osal_memset                              0x00014d15   Thumb Code     0  bb_rom_sym_m0.txt ABSOLUTE
    osal_msg_allocate                        0x00014d1d   Thumb Code     0  bb_rom_sym_m0.txt ABSOLUTE
    osal_msg_deallocate                      0x00014d43   Thumb Code     0  bb_rom_sym_m0.txt ABSOLUTE
    osal_msg_dequeue                         0x00014d65   Thumb Code     0  bb_rom_sym_m0.txt ABSOLUTE
    osal_msg_enqueue                         0x00014d91   Thumb Code     0  bb_rom_sym_m0.txt ABSOLUTE
    osal_msg_enqueue_max                     0x00014dc3   Thumb Code     0  bb_rom_sym_m0.txt ABSOLUTE
    osal_msg_extract                         0x00014e6d   Thumb Code     0  bb_rom_sym_m0.txt ABSOLUTE
    osal_msg_find                            0x00014e9d   Thumb Code     0  bb_rom_sym_m0.txt ABSOLUTE
    osal_msg_push                            0x00014ed1   Thumb Code     0  bb_rom_sym_m0.txt ABSOLUTE
    osal_msg_push_front                      0x00014eeb   Thumb Code     0  bb_rom_sym_m0.txt ABSOLUTE
    osal_msg_receive                         0x00014ef5   Thumb Code     0  bb_rom_sym_m0.txt ABSOLUTE
    osal_msg_send                            0x00014f59   Thumb Code     0  bb_rom_sym_m0.txt ABSOLUTE
    osal_next_timeout                        0x00014f7d   Thumb Code     0  bb_rom_sym_m0.txt ABSOLUTE
    osal_pwrmgr_device                       0x00014fa5   Thumb Code     0  bb_rom_sym_m0.txt ABSOLUTE
    osal_pwrmgr_init                         0x00014fb1   Thumb Code     0  bb_rom_sym_m0.txt ABSOLUTE
    osal_pwrmgr_powerconserve                0x00014fc1   Thumb Code     0  bb_rom_sym_m0.txt ABSOLUTE
    osal_pwrmgr_powerconserve0               0x00014fd9   Thumb Code     0  bb_rom_sym_m0.txt ABSOLUTE
    osal_pwrmgr_task_state                   0x000150f9   Thumb Code     0  bb_rom_sym_m0.txt ABSOLUTE
    osal_rand                                0x00015129   Thumb Code     0  bb_rom_sym_m0.txt ABSOLUTE
    osal_revmemcpy                           0x00015145   Thumb Code     0  bb_rom_sym_m0.txt ABSOLUTE
    osal_run_system                          0x00015159   Thumb Code     0  bb_rom_sym_m0.txt ABSOLUTE
    osal_self                                0x000151f5   Thumb Code     0  bb_rom_sym_m0.txt ABSOLUTE
    osal_setClock                            0x00015201   Thumb Code     0  bb_rom_sym_m0.txt ABSOLUTE
    osal_set_event                           0x0001520d   Thumb Code     0  bb_rom_sym_m0.txt ABSOLUTE
    osal_start_reload_timer                  0x00015259   Thumb Code     0  bb_rom_sym_m0.txt ABSOLUTE
    osal_start_system                        0x00015285   Thumb Code     0  bb_rom_sym_m0.txt ABSOLUTE
    osal_start_timerEx                       0x0001528b   Thumb Code     0  bb_rom_sym_m0.txt ABSOLUTE
    osal_stop_timerEx                        0x000152b3   Thumb Code     0  bb_rom_sym_m0.txt ABSOLUTE
    osal_strlen                              0x000152dd   Thumb Code     0  bb_rom_sym_m0.txt ABSOLUTE
    osal_timer_num_active                    0x000152e5   Thumb Code     0  bb_rom_sym_m0.txt ABSOLUTE
    phy_sec_app_key                          0x00015315   Thumb Code     0  bb_rom_sym_m0.txt ABSOLUTE
    phy_sec_decrypt                          0x0001531d   Thumb Code     0  bb_rom_sym_m0.txt ABSOLUTE
    phy_sec_efuse_lock                       0x0001532d   Thumb Code     0  bb_rom_sym_m0.txt ABSOLUTE
    phy_sec_encrypt                          0x00015339   Thumb Code     0  bb_rom_sym_m0.txt ABSOLUTE
    phy_sec_init                             0x00015349   Thumb Code     0  bb_rom_sym_m0.txt ABSOLUTE
    phy_sec_key_valid                        0x0001540d   Thumb Code     0  bb_rom_sym_m0.txt ABSOLUTE
    prog_process_data                        0x00015b19   Thumb Code     0  bb_rom_sym_m0.txt ABSOLUTE
    prog_uart_command                        0x00015c51   Thumb Code     0  bb_rom_sym_m0.txt ABSOLUTE
    prog_uart_fct_command                    0x00015c71   Thumb Code     0  bb_rom_sym_m0.txt ABSOLUTE
    prog_uart_handle                         0x00015c8d   Thumb Code     0  bb_rom_sym_m0.txt ABSOLUTE
    read_LL_remainder_time                   0x00015cbd   Thumb Code     0  bb_rom_sym_m0.txt ABSOLUTE
    read_current_fine_time                   0x00015cc9   Thumb Code     0  bb_rom_sym_m0.txt ABSOLUTE
    read_ll_adv_remainder_time               0x00015cf1   Thumb Code     0  bb_rom_sym_m0.txt ABSOLUTE
    reset_conn_buf                           0x00015cfd   Thumb Code     0  bb_rom_sym_m0.txt ABSOLUTE
    rom_board_init                           0x00016a09   Thumb Code     0  bb_rom_sym_m0.txt ABSOLUTE
    rtc_clear                                0x00016ab5   Thumb Code     0  bb_rom_sym_m0.txt ABSOLUTE
    rtc_config_prescale                      0x00016ad1   Thumb Code     0  bb_rom_sym_m0.txt ABSOLUTE
    rtc_get_counter                          0x00016b15   Thumb Code     0  bb_rom_sym_m0.txt ABSOLUTE
    rtc_start                                0x00016b25   Thumb Code     0  bb_rom_sym_m0.txt ABSOLUTE
    rtc_stop                                 0x00016b35   Thumb Code     0  bb_rom_sym_m0.txt ABSOLUTE
    setSleepMode                             0x00016b45   Thumb Code     0  bb_rom_sym_m0.txt ABSOLUTE
    set_access_address                       0x00016b51   Thumb Code     0  bb_rom_sym_m0.txt ABSOLUTE
    set_channel                              0x00016b5d   Thumb Code     0  bb_rom_sym_m0.txt ABSOLUTE
    set_crc_seed                             0x00016b9d   Thumb Code     0  bb_rom_sym_m0.txt ABSOLUTE
    set_gpio_pull_down_ate                   0x00016bb5   Thumb Code     0  bb_rom_sym_m0.txt ABSOLUTE
    set_gpio_pull_up_ate                     0x00016bcb   Thumb Code     0  bb_rom_sym_m0.txt ABSOLUTE
    set_int                                  0x00016be1   Thumb Code     0  bb_rom_sym_m0.txt ABSOLUTE
    set_max_length                           0x00016bed   Thumb Code     0  bb_rom_sym_m0.txt ABSOLUTE
    set_sleep_flag                           0x00016c01   Thumb Code     0  bb_rom_sym_m0.txt ABSOLUTE
    set_timer                                0x00016c2d   Thumb Code     0  bb_rom_sym_m0.txt ABSOLUTE
    set_whiten_seed                          0x00016cc9   Thumb Code     0  bb_rom_sym_m0.txt ABSOLUTE
    spif_cmd                                 0x00016d49   Thumb Code     0  bb_rom_sym_m0.txt ABSOLUTE
    spif_config                              0x00016dc5   Thumb Code     0  bb_rom_sym_m0.txt ABSOLUTE
    spif_erase_all                           0x00016ea1   Thumb Code     0  bb_rom_sym_m0.txt ABSOLUTE
    spif_erase_block64                       0x00016ed1   Thumb Code     0  bb_rom_sym_m0.txt ABSOLUTE
    spif_erase_chip                          0x00016f55   Thumb Code     0  bb_rom_sym_m0.txt ABSOLUTE
    spif_erase_sector                        0x00016fa9   Thumb Code     0  bb_rom_sym_m0.txt ABSOLUTE
    spif_flash_size                          0x00017029   Thumb Code     0  bb_rom_sym_m0.txt ABSOLUTE
    spif_flash_status_reg_0                  0x0001703d   Thumb Code     0  bb_rom_sym_m0.txt ABSOLUTE
    spif_flash_status_reg_1                  0x00017047   Thumb Code     0  bb_rom_sym_m0.txt ABSOLUTE
    spif_init                                0x00017051   Thumb Code     0  bb_rom_sym_m0.txt ABSOLUTE
    spif_rddata                              0x0001713d   Thumb Code     0  bb_rom_sym_m0.txt ABSOLUTE
    spif_read                                0x00017165   Thumb Code     0  bb_rom_sym_m0.txt ABSOLUTE
    spif_read_dma                            0x0001717d   Thumb Code     0  bb_rom_sym_m0.txt ABSOLUTE
    spif_release_deep_sleep                  0x000172cd   Thumb Code     0  bb_rom_sym_m0.txt ABSOLUTE
    spif_set_deep_sleep                      0x00017349   Thumb Code     0  bb_rom_sym_m0.txt ABSOLUTE
    spif_wrdata                              0x0001736d   Thumb Code     0  bb_rom_sym_m0.txt ABSOLUTE
    spif_write                               0x00017395   Thumb Code     0  bb_rom_sym_m0.txt ABSOLUTE
    spif_write_dma                           0x0001744d   Thumb Code     0  bb_rom_sym_m0.txt ABSOLUTE
    spif_write_protect                       0x000174f9   Thumb Code     0  bb_rom_sym_m0.txt ABSOLUTE
    sram_ret_patch                           0x00017591   Thumb Code     0  bb_rom_sym_m0.txt ABSOLUTE
    update_rx_read_ptr                       0x00017609   Thumb Code     0  bb_rom_sym_m0.txt ABSOLUTE
    update_rx_write_ptr                      0x00017635   Thumb Code     0  bb_rom_sym_m0.txt ABSOLUTE
    update_tx_read_ptr                       0x00017659   Thumb Code     0  bb_rom_sym_m0.txt ABSOLUTE
    update_tx_write_ptr                      0x00017685   Thumb Code     0  bb_rom_sym_m0.txt ABSOLUTE
    wakeupProcess                            0x000176a9   Thumb Code     0  bb_rom_sym_m0.txt ABSOLUTE
    wakeupProcess0                           0x000176c5   Thumb Code     0  bb_rom_sym_m0.txt ABSOLUTE
    wakeup_init                              0x000178a5   Thumb Code     0  bb_rom_sym_m0.txt ABSOLUTE
    wakeup_init0                             0x000178bd   Thumb Code     0  bb_rom_sym_m0.txt ABSOLUTE
    zigbee_crc16_gen                         0x0001798d   Thumb Code     0  bb_rom_sym_m0.txt ABSOLUTE
    supportedCmdsTable                       0x00017c00   Data           0  bb_rom_sym_m0.txt ABSOLUTE
    hciCmdTable                              0x00017c44   Data           0  bb_rom_sym_m0.txt ABSOLUTE
    SCA                                      0x00017c4c   Data           0  bb_rom_sym_m0.txt ABSOLUTE
    jump_table_base                          0x1fff0000   Data        1024  jump_table.o(jump_table_mem_area)
    global_config                            0x1fff0400   Data        1024  jump_table.o(global_config_area)
    hclk_per_us                              0x1fff0818   Data           0  bb_rom_sym_m0.txt ABSOLUTE
    hclk_per_us_shift                        0x1fff081c   Data           0  bb_rom_sym_m0.txt ABSOLUTE
    s_prog_time_save                         0x1fff0828   Data           0  bb_rom_sym_m0.txt ABSOLUTE
    s_prog_timeout                           0x1fff082c   Data           0  bb_rom_sym_m0.txt ABSOLUTE
    DFL_ENTRY_BASE                           0x1fff0830   Data           0  bb_rom_sym_m0.txt ABSOLUTE
    receive_timeout_flag                     0x1fff0850   Data           0  bb_rom_sym_m0.txt ABSOLUTE
    osal_sys_tick                            0x1fff0860   Data           0  bb_rom_sym_m0.txt ABSOLUTE
    g_timer4_irq_pending_time                0x1fff0864   Data           0  bb_rom_sym_m0.txt ABSOLUTE
    g_hclk                                   0x1fff0874   Data           0  bb_rom_sym_m0.txt ABSOLUTE
    m_in_critical_region                     0x1fff0878   Data           0  bb_rom_sym_m0.txt ABSOLUTE
    s_rom_debug_level                        0x1fff0888   Data           0  bb_rom_sym_m0.txt ABSOLUTE
    s_spif_ctx                               0x1fff0894   Data           0  bb_rom_sym_m0.txt ABSOLUTE
    osal_qHead                               0x1fff08b8   Data           0  bb_rom_sym_m0.txt ABSOLUTE
    baseTaskID                               0x1fff08c0   Data           0  bb_rom_sym_m0.txt ABSOLUTE
    OSAL_timeSeconds                         0x1fff08cc   Data           0  bb_rom_sym_m0.txt ABSOLUTE
    ll_remain_time                           0x1fff08e4   Data           0  bb_rom_sym_m0.txt ABSOLUTE
    pwrmgr_attribute                         0x1fff08e8   Data           0  bb_rom_sym_m0.txt ABSOLUTE
    timerHead                                0x1fff08f0   Data           0  bb_rom_sym_m0.txt ABSOLUTE
    hciPTMenabled                            0x1fff08f8   Data           0  bb_rom_sym_m0.txt ABSOLUTE
    ctrlToHostEnable                         0x1fff08f9   Data           0  bb_rom_sym_m0.txt ABSOLUTE
    numHostBufs                              0x1fff08fa   Data           0  bb_rom_sym_m0.txt ABSOLUTE
    hciCtrlCmdToken                          0x1fff08fc   Data           0  bb_rom_sym_m0.txt ABSOLUTE
    bleEvtMask                               0x1fff0900   Data           0  bb_rom_sym_m0.txt ABSOLUTE
    pHciEvtMask                              0x1fff0904   Data           0  bb_rom_sym_m0.txt ABSOLUTE
    hciTaskID                                0x1fff090c   Data           0  bb_rom_sym_m0.txt ABSOLUTE
    hciTestTaskID                            0x1fff090d   Data           0  bb_rom_sym_m0.txt ABSOLUTE
    hciGapTaskID                             0x1fff090e   Data           0  bb_rom_sym_m0.txt ABSOLUTE
    hciL2capTaskID                           0x1fff090f   Data           0  bb_rom_sym_m0.txt ABSOLUTE
    hciSmpTaskID                             0x1fff0910   Data           0  bb_rom_sym_m0.txt ABSOLUTE
    hciExtTaskID                             0x1fff0911   Data           0  bb_rom_sym_m0.txt ABSOLUTE
    g_maxConnNum                             0x1fff0914   Data           0  bb_rom_sym_m0.txt ABSOLUTE
    g_maxPktPerEventTx                       0x1fff0915   Data           0  bb_rom_sym_m0.txt ABSOLUTE
    g_maxPktPerEventRx                       0x1fff0916   Data           0  bb_rom_sym_m0.txt ABSOLUTE
    g_blePktVersion                          0x1fff0917   Data           0  bb_rom_sym_m0.txt ABSOLUTE
    g_llRlEnable                             0x1fff0918   Data           0  bb_rom_sym_m0.txt ABSOLUTE
    g_llScanMode                             0x1fff0919   Data           0  bb_rom_sym_m0.txt ABSOLUTE
    g_llAdvMode                              0x1fff091a   Data           0  bb_rom_sym_m0.txt ABSOLUTE
    LL_TaskID                                0x1fff091b   Data           0  bb_rom_sym_m0.txt ABSOLUTE
    llState                                  0x1fff091c   Data           0  bb_rom_sym_m0.txt ABSOLUTE
    numComplPkts                             0x1fff091d   Data           0  bb_rom_sym_m0.txt ABSOLUTE
    numComplPktsLimit                        0x1fff091e   Data           0  bb_rom_sym_m0.txt ABSOLUTE
    fastTxRespTime                           0x1fff091f   Data           0  bb_rom_sym_m0.txt ABSOLUTE
    g_llWlDeviceNum                          0x1fff0920   Data           0  bb_rom_sym_m0.txt ABSOLUTE
    g_llRlDeviceNum                          0x1fff0921   Data           0  bb_rom_sym_m0.txt ABSOLUTE
    rxFifoFlowCtrl                           0x1fff0922   Data           0  bb_rom_sym_m0.txt ABSOLUTE
    llSecondaryState                         0x1fff0923   Data           0  bb_rom_sym_m0.txt ABSOLUTE
    g_extAdvNumber                           0x1fff0924   Data           0  bb_rom_sym_m0.txt ABSOLUTE
    g_perioAdvNumber                         0x1fff0925   Data           0  bb_rom_sym_m0.txt ABSOLUTE
    g_schExtAdvNum                           0x1fff0926   Data           0  bb_rom_sym_m0.txt ABSOLUTE
    g_currentExtAdv                          0x1fff0927   Data           0  bb_rom_sym_m0.txt ABSOLUTE
    g_schExtAdvNum_periodic                  0x1fff0928   Data           0  bb_rom_sym_m0.txt ABSOLUTE
    g_currentExtAdv_periodic                 0x1fff0929   Data           0  bb_rom_sym_m0.txt ABSOLUTE
    g_llRlTimeout                            0x1fff092c   Data           0  bb_rom_sym_m0.txt ABSOLUTE
    g_advSetMaximumLen                       0x1fff0930   Data           0  bb_rom_sym_m0.txt ABSOLUTE
    conn_param                               0x1fff0934   Data           0  bb_rom_sym_m0.txt ABSOLUTE
    g_pExtendedAdvInfo                       0x1fff0938   Data           0  bb_rom_sym_m0.txt ABSOLUTE
    g_pPeriodicAdvInfo                       0x1fff093c   Data           0  bb_rom_sym_m0.txt ABSOLUTE
    g_pLLcteISample                          0x1fff0940   Data           0  bb_rom_sym_m0.txt ABSOLUTE
    g_pLLcteQSample                          0x1fff0944   Data           0  bb_rom_sym_m0.txt ABSOLUTE
    g_llHdcDirAdvTime                        0x1fff0948   Data           0  bb_rom_sym_m0.txt ABSOLUTE
    g_pAdvSchInfo                            0x1fff094c   Data           0  bb_rom_sym_m0.txt ABSOLUTE
    g_advPerSlotTick                         0x1fff0950   Data           0  bb_rom_sym_m0.txt ABSOLUTE
    g_advSlotPeriodic                        0x1fff0954   Data           0  bb_rom_sym_m0.txt ABSOLUTE
    g_pAdvSchInfo_periodic                   0x1fff0958   Data           0  bb_rom_sym_m0.txt ABSOLUTE
    g_timerExpiryTick                        0x1fff095c   Data           0  bb_rom_sym_m0.txt ABSOLUTE
    chanMapUpdate                            0x1fff0960   Data           0  bb_rom_sym_m0.txt ABSOLUTE
    ownPublicAddr                            0x1fff0965   Data           0  bb_rom_sym_m0.txt ABSOLUTE
    ownRandomAddr                            0x1fff096b   Data           0  bb_rom_sym_m0.txt ABSOLUTE
    verInfo                                  0x1fff0972   Data           0  bb_rom_sym_m0.txt ABSOLUTE
    peerInfo                                 0x1fff0978   Data           0  bb_rom_sym_m0.txt ABSOLUTE
    g_currentAdvTimer                        0x1fff0980   Data           0  bb_rom_sym_m0.txt ABSOLUTE
    g_currentTimerTask                       0x1fff0984   Data           0  bb_rom_sym_m0.txt ABSOLUTE
    g_adv_taskID                             0x1fff0988   Data           0  bb_rom_sym_m0.txt ABSOLUTE
    g_conn_taskID                            0x1fff0989   Data           0  bb_rom_sym_m0.txt ABSOLUTE
    g_smartWindowRTOCnt                      0x1fff098a   Data           0  bb_rom_sym_m0.txt ABSOLUTE
    isPeerRpaStore                           0x1fff098b   Data           0  bb_rom_sym_m0.txt ABSOLUTE
    g_same_rf_channel_flag                   0x1fff098c   Data           0  bb_rom_sym_m0.txt ABSOLUTE
    g_currentPeerAddrType                    0x1fff098d   Data           0  bb_rom_sym_m0.txt ABSOLUTE
    g_currentLocalAddrType                   0x1fff098e   Data           0  bb_rom_sym_m0.txt ABSOLUTE
    storeRpaListIndex                        0x1fff098f   Data           0  bb_rom_sym_m0.txt ABSOLUTE
    llTaskState                              0x1fff0990   Data           0  bb_rom_sym_m0.txt ABSOLUTE
    g_adv_taskEvent                          0x1fff0992   Data           0  bb_rom_sym_m0.txt ABSOLUTE
    g_conn_taskEvent                         0x1fff0994   Data           0  bb_rom_sym_m0.txt ABSOLUTE
    llWaitingIrq                             0x1fff0998   Data           0  bb_rom_sym_m0.txt ABSOLUTE
    ISR_entry_time                           0x1fff099c   Data           0  bb_rom_sym_m0.txt ABSOLUTE
    slave_conn_event_recv_delay              0x1fff09a0   Data           0  bb_rom_sym_m0.txt ABSOLUTE
    g_smartWindowLater                       0x1fff09a4   Data           0  bb_rom_sym_m0.txt ABSOLUTE
    g_smartWindowActiveCnt                   0x1fff09a8   Data           0  bb_rom_sym_m0.txt ABSOLUTE
    g_smartWindowPreAnchPoint                0x1fff09ac   Data           0  bb_rom_sym_m0.txt ABSOLUTE
    g_getPn23_cnt                            0x1fff09b0   Data           0  bb_rom_sym_m0.txt ABSOLUTE
    g_getPn23_seed                           0x1fff09b4   Data           0  bb_rom_sym_m0.txt ABSOLUTE
    llScanTime                               0x1fff09b8   Data           0  bb_rom_sym_m0.txt ABSOLUTE
    p_perStatsByChan                         0x1fff09bc   Data           0  bb_rom_sym_m0.txt ABSOLUTE
    LL_PLUS_AdvDataFilterCBack               0x1fff09c0   Data           0  bb_rom_sym_m0.txt ABSOLUTE
    LL_PLUS_ScanRequestFilterCBack           0x1fff09c4   Data           0  bb_rom_sym_m0.txt ABSOLUTE
    g_new_master_delta                       0x1fff09c8   Data           0  bb_rom_sym_m0.txt ABSOLUTE
    llScanT1                                 0x1fff09cc   Data           0  bb_rom_sym_m0.txt ABSOLUTE
    llCurrentScanChn                         0x1fff09d0   Data           0  bb_rom_sym_m0.txt ABSOLUTE
    g_currentLocalRpa                        0x1fff09d4   Data           0  bb_rom_sym_m0.txt ABSOLUTE
    g_currentPeerRpa                         0x1fff09da   Data           0  bb_rom_sym_m0.txt ABSOLUTE
    currentPeerRpa                           0x1fff09e0   Data           0  bb_rom_sym_m0.txt ABSOLUTE
    g_dle_taskID                             0x1fff09e6   Data           0  bb_rom_sym_m0.txt ABSOLUTE
    g_dle_taskEvent                          0x1fff09e8   Data           0  bb_rom_sym_m0.txt ABSOLUTE
    g_phyChg_taskID                          0x1fff09ea   Data           0  bb_rom_sym_m0.txt ABSOLUTE
    g_phyChg_taskEvent                       0x1fff09ec   Data           0  bb_rom_sym_m0.txt ABSOLUTE
    g_smartWindowSize                        0x1fff09f0   Data           0  bb_rom_sym_m0.txt ABSOLUTE
    g_smartWindowSizeNew                     0x1fff09f4   Data           0  bb_rom_sym_m0.txt ABSOLUTE
    g_smartWindowActive                      0x1fff09f8   Data           0  bb_rom_sym_m0.txt ABSOLUTE
    g_interAuxPduDuration                    0x1fff09fc   Data           0  bb_rom_sym_m0.txt ABSOLUTE
    connUpdateTimer                          0x1fff0a04   Data           0  bb_rom_sym_m0.txt ABSOLUTE
    sleep_flag                               0x1fff0a0c   Data           0  bb_rom_sym_m0.txt ABSOLUTE
    g_wakeup_rtc_tick                        0x1fff0a10   Data           0  bb_rom_sym_m0.txt ABSOLUTE
    g_counter_traking_avg                    0x1fff0a14   Data           0  bb_rom_sym_m0.txt ABSOLUTE
    g_TIM2_IRQ_TIM3_CurrCount                0x1fff0a18   Data           0  bb_rom_sym_m0.txt ABSOLUTE
    g_TIM2_IRQ_to_Sleep_DeltTick             0x1fff0a1c   Data           0  bb_rom_sym_m0.txt ABSOLUTE
    g_TIM2_IRQ_PendingTick                   0x1fff0a20   Data           0  bb_rom_sym_m0.txt ABSOLUTE
    g_osal_tick_trim                         0x1fff0a24   Data           0  bb_rom_sym_m0.txt ABSOLUTE
    g_osalTickTrim_mod                       0x1fff0a28   Data           0  bb_rom_sym_m0.txt ABSOLUTE
    rtc_mod_value                            0x1fff0a2c   Data           0  bb_rom_sym_m0.txt ABSOLUTE
    g_counter_traking_cnt                    0x1fff0a30   Data           0  bb_rom_sym_m0.txt ABSOLUTE
    sleep_tick                               0x1fff0a34   Data           0  bb_rom_sym_m0.txt ABSOLUTE
    counter_tracking                         0x1fff0a38   Data           0  bb_rom_sym_m0.txt ABSOLUTE
    forever_write                            0x1fff0a3c   Data           0  bb_rom_sym_m0.txt ABSOLUTE
    g_TIM2_wakeup_delay                      0x1fff0a40   Data           0  bb_rom_sym_m0.txt ABSOLUTE
    g_rfPhyTpCal0                            0x1fff0a44   Data           0  bb_rom_sym_m0.txt ABSOLUTE
    g_rfPhyTpCal1                            0x1fff0a45   Data           0  bb_rom_sym_m0.txt ABSOLUTE
    g_rfPhyTpCal0_2Mbps                      0x1fff0a46   Data           0  bb_rom_sym_m0.txt ABSOLUTE
    g_rfPhyTpCal1_2Mbps                      0x1fff0a47   Data           0  bb_rom_sym_m0.txt ABSOLUTE
    g_rfPhyTxPower                           0x1fff0a48   Data           0  bb_rom_sym_m0.txt ABSOLUTE
    g_rfPhyPktFmt                            0x1fff0a49   Data           0  bb_rom_sym_m0.txt ABSOLUTE
    g_system_clk                             0x1fff0a4a   Data           0  bb_rom_sym_m0.txt ABSOLUTE
    g_rfPhyClkSel                            0x1fff0a4b   Data           0  bb_rom_sym_m0.txt ABSOLUTE
    g_rxAdcClkSel                            0x1fff0a4c   Data           0  bb_rom_sym_m0.txt ABSOLUTE
    g_dtmModeType                            0x1fff0a4d   Data           0  bb_rom_sym_m0.txt ABSOLUTE
    g_dtmLength                              0x1fff0a4e   Data           0  bb_rom_sym_m0.txt ABSOLUTE
    g_dtmExtLen                              0x1fff0a4f   Data           0  bb_rom_sym_m0.txt ABSOLUTE
    g_dtmPKT                                 0x1fff0a50   Data           0  bb_rom_sym_m0.txt ABSOLUTE
    g_dtmTxPower                             0x1fff0a51   Data           0  bb_rom_sym_m0.txt ABSOLUTE
    g_dtmRssi                                0x1fff0a52   Data           0  bb_rom_sym_m0.txt ABSOLUTE
    g_dtmCarrSens                            0x1fff0a53   Data           0  bb_rom_sym_m0.txt ABSOLUTE
    g_dtmPktIntv                             0x1fff0a54   Data           0  bb_rom_sym_m0.txt ABSOLUTE
    g_dtmPktCount                            0x1fff0a56   Data           0  bb_rom_sym_m0.txt ABSOLUTE
    g_dtmRxCrcNum                            0x1fff0a58   Data           0  bb_rom_sym_m0.txt ABSOLUTE
    g_dtmRxTONum                             0x1fff0a5a   Data           0  bb_rom_sym_m0.txt ABSOLUTE
    g_dtmRsp                                 0x1fff0a5c   Data           0  bb_rom_sym_m0.txt ABSOLUTE
    g_dtmFoff                                0x1fff0a5e   Data           0  bb_rom_sym_m0.txt ABSOLUTE
    g_rfPhyRxDcIQ                            0x1fff0a60   Data           0  bb_rom_sym_m0.txt ABSOLUTE
    g_dtmTick                                0x1fff0a64   Data           0  bb_rom_sym_m0.txt ABSOLUTE
    g_rfPhyFreqOffSet                        0x1fff0a68   Data           0  bb_rom_sym_m0.txt ABSOLUTE
    g_rfPhyDtmCmd                            0x1fff0a69   Data           0  bb_rom_sym_m0.txt ABSOLUTE
    g_rfPhyDtmEvt                            0x1fff0a6b   Data           0  bb_rom_sym_m0.txt ABSOLUTE
    g_dtmCmd                                 0x1fff0a6d   Data           0  bb_rom_sym_m0.txt ABSOLUTE
    g_dtmFreq                                0x1fff0a6e   Data           0  bb_rom_sym_m0.txt ABSOLUTE
    g_dtmCtrl                                0x1fff0a6f   Data           0  bb_rom_sym_m0.txt ABSOLUTE
    g_dtmPara                                0x1fff0a70   Data           0  bb_rom_sym_m0.txt ABSOLUTE
    g_dtmEvt                                 0x1fff0a71   Data           0  bb_rom_sym_m0.txt ABSOLUTE
    g_dtmStatus                              0x1fff0a72   Data           0  bb_rom_sym_m0.txt ABSOLUTE
    g_dtmTpCalEnable                         0x1fff0a73   Data           0  bb_rom_sym_m0.txt ABSOLUTE
    g_dtmPerAutoIntv                         0x1fff0a74   Data           0  bb_rom_sym_m0.txt ABSOLUTE
    g_dtmAccessCode                          0x1fff0a78   Data           0  bb_rom_sym_m0.txt ABSOLUTE
    g_system_reset_cause                     0x1fff0a80   Data           0  bb_rom_sym_m0.txt ABSOLUTE
    cbTimers                                 0x1fff0afc   Data           0  bb_rom_sym_m0.txt ABSOLUTE
    g_llSleepContext                         0x1fff0b74   Data           0  bb_rom_sym_m0.txt ABSOLUTE
    syncInfo                                 0x1fff0b84   Data           0  bb_rom_sym_m0.txt ABSOLUTE
    scanSyncInfo                             0x1fff0b96   Data           0  bb_rom_sym_m0.txt ABSOLUTE
    adv_param                                0x1fff0ba6   Data           0  bb_rom_sym_m0.txt ABSOLUTE
    scanInfo                                 0x1fff0bbc   Data           0  bb_rom_sym_m0.txt ABSOLUTE
    initInfo                                 0x1fff0bd4   Data           0  bb_rom_sym_m0.txt ABSOLUTE
    extScanInfo                              0x1fff0be8   Data           0  bb_rom_sym_m0.txt ABSOLUTE
    extInitInfo                              0x1fff0c10   Data           0  bb_rom_sym_m0.txt ABSOLUTE
    g_llPeriodAdvSyncInfo                    0x1fff0c50   Data           0  bb_rom_sym_m0.txt ABSOLUTE
    g_ll_conn_ctx                            0x1fff0d30   Data           0  bb_rom_sym_m0.txt ABSOLUTE
    deviceFeatureSet                         0x1fff0e48   Data           0  bb_rom_sym_m0.txt ABSOLUTE
    g_llWhitelist                            0x1fff0e51   Data           0  bb_rom_sym_m0.txt ABSOLUTE
    g_llResolvinglist                        0x1fff0e89   Data           0  bb_rom_sym_m0.txt ABSOLUTE
    g_pmCounters                             0x1fff0ffc   Data           0  bb_rom_sym_m0.txt ABSOLUTE
    g_llPduLen                               0x1fff1084   Data           0  bb_rom_sym_m0.txt ABSOLUTE
    rfCounters                               0x1fff10e0   Data           0  bb_rom_sym_m0.txt ABSOLUTE
    ext_adv_hdr                              0x1fff10ec   Data           0  bb_rom_sym_m0.txt ABSOLUTE
    dataPkt                                  0x1fff1118   Data           0  bb_rom_sym_m0.txt ABSOLUTE
    cachedTRNGdata                           0x1fff1138   Data           0  bb_rom_sym_m0.txt ABSOLUTE
    whiten_seed                              0x1fff1144   Data           0  bb_rom_sym_m0.txt ABSOLUTE
    g_tx_adv_buf                             0x1fff116c   Data           0  bb_rom_sym_m0.txt ABSOLUTE
    g_tx_ext_adv_buf                         0x1fff1278   Data           0  bb_rom_sym_m0.txt ABSOLUTE
    tx_scanRsp_desc                          0x1fff1384   Data           0  bb_rom_sym_m0.txt ABSOLUTE
    g_rx_adv_buf                             0x1fff1490   Data           0  bb_rom_sym_m0.txt ABSOLUTE
    __Vectors                                0x1fff1838   Data           4  startup_armcm0.o(RESET)
    __Vectors_End                            0x1fff18f8   Data           0  startup_armcm0.o(RESET)
    __main                                   0x1fff18f9   Thumb Code     0  entry.o(.ARM.Collect$$$$00000000)
    _main_stk                                0x1fff18f9   Thumb Code     0  entry2.o(.ARM.Collect$$$$00000001)
    _main_scatterload                        0x1fff18fd   Thumb Code     0  entry5.o(.ARM.Collect$$$$00000004)
    __main_after_scatterload                 0x1fff1901   Thumb Code     0  entry5.o(.ARM.Collect$$$$00000004)
    _main_clock                              0x1fff1901   Thumb Code     0  entry7b.o(.ARM.Collect$$$$00000008)
    _main_cpp_init                           0x1fff1901   Thumb Code     0  entry8b.o(.ARM.Collect$$$$0000000A)
    _main_init                               0x1fff1901   Thumb Code     0  entry9a.o(.ARM.Collect$$$$0000000B)
    __rt_final_cpp                           0x1fff1909   Thumb Code     0  entry10a.o(.ARM.Collect$$$$0000000D)
    __rt_final_exit                          0x1fff1909   Thumb Code     0  entry11a.o(.ARM.Collect$$$$0000000F)
    hard_fault                               0x1fff190d   Thumb Code    40  jump_table.o(.emb_text)
    Reset_Handler                            0x1fff193d   Thumb Code     8  startup_armcm0.o(.text)
    SVC_Handler                              0x1fff1949   Thumb Code     2  startup_armcm0.o(.text)
    SysTick_Handler                          0x1fff194d   Thumb Code     2  startup_armcm0.o(.text)
    AACI_IRQHandler                          0x1fff194f   Thumb Code     0  startup_armcm0.o(.text)
    CAN_IRQHandler                           0x1fff194f   Thumb Code     0  startup_armcm0.o(.text)
    CHLCD_IRQHandler                         0x1fff194f   Thumb Code     0  startup_armcm0.o(.text)
    CLCD_IRQHandler                          0x1fff194f   Thumb Code     0  startup_armcm0.o(.text)
    CPU_CLCD_IRQHandler                      0x1fff194f   Thumb Code     0  startup_armcm0.o(.text)
    ENET_IRQHandler                          0x1fff194f   Thumb Code     0  startup_armcm0.o(.text)
    FLEXRAY_IRQHandler                       0x1fff194f   Thumb Code     0  startup_armcm0.o(.text)
    I2C_IRQHandler                           0x1fff194f   Thumb Code     0  startup_armcm0.o(.text)
    LIN_IRQHandler                           0x1fff194f   Thumb Code     0  startup_armcm0.o(.text)
    MCIA_IRQHandler                          0x1fff194f   Thumb Code     0  startup_armcm0.o(.text)
    MCIB_IRQHandler                          0x1fff194f   Thumb Code     0  startup_armcm0.o(.text)
    RTC_IRQHandler                           0x1fff194f   Thumb Code     0  startup_armcm0.o(.text)
    SPI_IRQHandler                           0x1fff194f   Thumb Code     0  startup_armcm0.o(.text)
    TIM0_IRQHandler                          0x1fff194f   Thumb Code     0  startup_armcm0.o(.text)
    TIM2_IRQHandler                          0x1fff194f   Thumb Code     0  startup_armcm0.o(.text)
    UART0_IRQHandler                         0x1fff194f   Thumb Code     0  startup_armcm0.o(.text)
    UART1_IRQHandler                         0x1fff194f   Thumb Code     0  startup_armcm0.o(.text)
    UART2_IRQHandler                         0x1fff194f   Thumb Code     0  startup_armcm0.o(.text)
    UART3_IRQHandler                         0x1fff194f   Thumb Code     0  startup_armcm0.o(.text)
    UART4_IRQHandler                         0x1fff194f   Thumb Code     0  startup_armcm0.o(.text)
    USBDC_IRQHandler                         0x1fff194f   Thumb Code     0  startup_armcm0.o(.text)
    USBHC_IRQHandler                         0x1fff194f   Thumb Code     0  startup_armcm0.o(.text)
    WDT_IRQHandler                           0x1fff194f   Thumb Code     0  startup_armcm0.o(.text)
    __scatterload                            0x1fff1959   Thumb Code    28  init.o(.text)
    __scatterload_rt2                        0x1fff1959   Thumb Code     0  init.o(.text)
    __decompress                             0x1fff197d   Thumb Code     0  __dczerorl.o(.text)
    __decompress0                            0x1fff197d   Thumb Code    58  __dczerorl.o(.text)
    Long Thumb to Thumb Veneer to drv_disable_irq 0x1fff19b9   Thumb Code    12  anon$$obj.o(Veneer$$Code)
    Long Thumb to Thumb Veneer to drv_enable_irq 0x1fff19c5   Thumb Code    12  anon$$obj.o(Veneer$$Code)
    Long Thumb to Thumb Veneer to osal_pwrmgr_powerconserve0 0x1fff19d1   Thumb Code    12  anon$$obj.o(Veneer$$Code)
    Long Thumb to Thumb Veneer to config_RTC 0x1fff19dd   Thumb Code    12  anon$$obj.o(Veneer$$Code)
    Long Thumb to Thumb Veneer to enter_sleep_off_mode 0x1fff19e9   Thumb Code    12  anon$$obj.o(Veneer$$Code)
    Long Thumb to Thumb Veneer to enableSleep 0x1fff19f5   Thumb Code    12  anon$$obj.o(Veneer$$Code)
    Long Thumb to Thumb Veneer to setSleepMode 0x1fff1a01   Thumb Code    12  anon$$obj.o(Veneer$$Code)
    Long Thumb to Thumb Veneer to WaitRTCCount 0x1fff1a0d   Thumb Code    12  anon$$obj.o(Veneer$$Code)
    Long Thumb to Thumb Veneer to LL_ENC_AES128_Encrypt 0x1fff1a19   Thumb Code    12  anon$$obj.o(Veneer$$Code)
    Long Thumb to Thumb Veneer to osal_memcpy 0x1fff1a25   Thumb Code    12  anon$$obj.o(Veneer$$Code)
    Long Thumb to Thumb Veneer to read_current_fine_time 0x1fff1a31   Thumb Code    12  anon$$obj.o(Veneer$$Code)
    Long Thumb to Thumb Veneer to LL_ENC_AES128_Encrypt0 0x1fff1a3d   Thumb Code    12  anon$$obj.o(Veneer$$Code)
    Long Thumb to Thumb Veneer to LL_ENC_LoadKey 0x1fff1a49   Thumb Code    12  anon$$obj.o(Veneer$$Code)
    Long Thumb to Thumb Veneer to LL_ENC_GenerateNonce 0x1fff1a55   Thumb Code    12  anon$$obj.o(Veneer$$Code)
    Long Thumb to Thumb Veneer to __aeabi_uread4 0x1fff1a61   Thumb Code    12  anon$$obj.o(Veneer$$Code)
    Long Thumb to Thumb Veneer to ll_debug_output 0x1fff1a6d   Thumb Code    12  anon$$obj.o(Veneer$$Code)
    Long Thumb to Thumb Veneer to ll_hw_get_irq_status 0x1fff1a79   Thumb Code    12  anon$$obj.o(Veneer$$Code)
    Long Thumb to Thumb Veneer to ll_hw_get_tr_mode 0x1fff1a85   Thumb Code    12  anon$$obj.o(Veneer$$Code)
    Long Thumb to Thumb Veneer to ll_hw_clr_irq 0x1fff1a91   Thumb Code    12  anon$$obj.o(Veneer$$Code)
    Long Thumb to Thumb Veneer to ll_processExtAdvIRQ 0x1fff1a9d   Thumb Code    12  anon$$obj.o(Veneer$$Code)
    Long Thumb to Thumb Veneer to ll_processExtScanIRQ 0x1fff1aa9   Thumb Code    12  anon$$obj.o(Veneer$$Code)
    Long Thumb to Thumb Veneer to ll_processExtInitIRQ 0x1fff1ab5   Thumb Code    12  anon$$obj.o(Veneer$$Code)
    Long Thumb to Thumb Veneer to ll_processPrdAdvIRQ 0x1fff1ac1   Thumb Code    12  anon$$obj.o(Veneer$$Code)
    Long Thumb to Thumb Veneer to ll_processPrdScanIRQ 0x1fff1acd   Thumb Code    12  anon$$obj.o(Veneer$$Code)
    Long Thumb to Thumb Veneer to ll_processBasicIRQ 0x1fff1ad9   Thumb Code    12  anon$$obj.o(Veneer$$Code)
    Long Thumb to Thumb Veneer to ll_schedule_next_event 0x1fff1ae5   Thumb Code    12  anon$$obj.o(Veneer$$Code)
    Long Thumb to Thumb Veneer to llSecAdvAllow 0x1fff1af1   Thumb Code    12  anon$$obj.o(Veneer$$Code)
    Long Thumb to Thumb Veneer to llSetupSecAdvEvt 0x1fff1afd   Thumb Code    12  anon$$obj.o(Veneer$$Code)
    Long Thumb to Thumb Veneer to ll_hw_set_rx_timeout 0x1fff1b09   Thumb Code    12  anon$$obj.o(Veneer$$Code)
    Long Thumb to Thumb Veneer to llSetupSecScan 0x1fff1b15   Thumb Code    12  anon$$obj.o(Veneer$$Code)
    Long Thumb to Thumb Veneer to llSetupSecInit 0x1fff1b21   Thumb Code    12  anon$$obj.o(Veneer$$Code)
    Long Thumb to Thumb Veneer to LL_SetDataLengh0 0x1fff1b2d   Thumb Code    12  anon$$obj.o(Veneer$$Code)
    Long Thumb to Thumb Veneer to LL_set_default_conn_params0 0x1fff1b39   Thumb Code    12  anon$$obj.o(Veneer$$Code)
    Long Thumb to Thumb Veneer to efuse_read 0x1fff1b45   Thumb Code    12  anon$$obj.o(Veneer$$Code)
    Long Thumb to Thumb Veneer to log_printf 0x1fff1b51   Thumb Code    12  anon$$obj.o(Veneer$$Code)
    Long Thumb to Thumb Veneer to spif_cmd   0x1fff1b5d   Thumb Code    12  anon$$obj.o(Veneer$$Code)
    Long Thumb to Thumb Veneer to spif_rddata 0x1fff1b69   Thumb Code    12  anon$$obj.o(Veneer$$Code)
    Long Thumb to Thumb Veneer to rtc_get_counter 0x1fff1b75   Thumb Code    12  anon$$obj.o(Veneer$$Code)
    Long Thumb to Thumb Veneer to set_sleep_flag 0x1fff1b81   Thumb Code    12  anon$$obj.o(Veneer$$Code)
    Long Thumb to Thumb Veneer to read_LL_remainder_time 0x1fff1b8d   Thumb Code    12  anon$$obj.o(Veneer$$Code)
    Long Thumb to Thumb Veneer to osal_memcmp 0x1fff1b99   Thumb Code    12  anon$$obj.o(Veneer$$Code)
    Long Thumb to Thumb Veneer to spif_erase_sector 0x1fff1ba5   Thumb Code    12  anon$$obj.o(Veneer$$Code)
    Long Thumb to Thumb Veneer to spif_write_dma 0x1fff1bb1   Thumb Code    12  anon$$obj.o(Veneer$$Code)
    Long Thumb to Thumb Veneer to __aeabi_memclr4 0x1fff1bbd   Thumb Code    12  anon$$obj.o(Veneer$$Code)
    Long Thumb to Thumb Veneer to __aeabi_memcpy4 0x1fff1bc9   Thumb Code    12  anon$$obj.o(Veneer$$Code)
    Long Thumb to Thumb Veneer to disableSleep 0x1fff1bd5   Thumb Code    12  anon$$obj.o(Veneer$$Code)
    Long Thumb to Thumb Veneer to LL_InitConnectContext 0x1fff1be1   Thumb Code    12  anon$$obj.o(Veneer$$Code)
    Long Thumb to Thumb Veneer to spif_config 0x1fff1bed   Thumb Code    12  anon$$obj.o(Veneer$$Code)
    Long Thumb to Thumb Veneer to llConnTerminate0 0x1fff1bf9   Thumb Code    12  anon$$obj.o(Veneer$$Code)
    Long Thumb to Thumb Veneer to llProcessChanMap 0x1fff1c05   Thumb Code    12  anon$$obj.o(Veneer$$Code)
    Long Thumb to Thumb Veneer to llProcessTxData0 0x1fff1c11   Thumb Code    12  anon$$obj.o(Veneer$$Code)
    Long Thumb to Thumb Veneer to ll_hw_get_loop_cycle 0x1fff1c1d   Thumb Code    12  anon$$obj.o(Veneer$$Code)
    Long Thumb to Thumb Veneer to __aeabi_uidivmod 0x1fff1c29   Thumb Code    12  anon$$obj.o(Veneer$$Code)
    Long Thumb to Thumb Veneer to ll_hw_get_anchor 0x1fff1c35   Thumb Code    12  anon$$obj.o(Veneer$$Code)
    Long Thumb to Thumb Veneer to ll_hw_write_tfifo 0x1fff1c41   Thumb Code    12  anon$$obj.o(Veneer$$Code)
    Long Thumb to Thumb Veneer to ll_hw_get_tfifo_wrptr 0x1fff1c4d   Thumb Code    12  anon$$obj.o(Veneer$$Code)
    Long Thumb to Thumb Veneer to getTxBufferSize 0x1fff1c59   Thumb Code    12  anon$$obj.o(Veneer$$Code)
    Long Thumb to Thumb Veneer to get_tx_read_ptr 0x1fff1c65   Thumb Code    12  anon$$obj.o(Veneer$$Code)
    Long Thumb to Thumb Veneer to update_tx_read_ptr 0x1fff1c71   Thumb Code    12  anon$$obj.o(Veneer$$Code)
    Long Thumb to Thumb Veneer to llEnqueueCtrlPkt 0x1fff1c7d   Thumb Code    12  anon$$obj.o(Veneer$$Code)
    Long Thumb to Thumb Veneer to set_max_length 0x1fff1c89   Thumb Code    12  anon$$obj.o(Veneer$$Code)
    Long Thumb to Thumb Veneer to drv_irq_init 0x1fff1c95   Thumb Code    12  anon$$obj.o(Veneer$$Code)
    Long Thumb to Thumb Veneer to clk_init   0x1fff1ca1   Thumb Code    12  anon$$obj.o(Veneer$$Code)
    Long Thumb to Thumb Veneer to ll_hw_set_crc_fmt 0x1fff1cad   Thumb Code    12  anon$$obj.o(Veneer$$Code)
    Long Thumb to Thumb Veneer to ll_hw_tx2rx_timing_config 0x1fff1cb9   Thumb Code    12  anon$$obj.o(Veneer$$Code)
    Long Thumb to Thumb Veneer to __ARM_common_switch8 0x1fff1cc5   Thumb Code    12  anon$$obj.o(Veneer$$Code)
    Long Thumb to Thumb Veneer to strcmp     0x1fff1cd1   Thumb Code    12  anon$$obj.o(Veneer$$Code)
    Long Thumb to Thumb Veneer to __aeabi_memcpy 0x1fff1cdd   Thumb Code    12  anon$$obj.o(Veneer$$Code)
    Long Thumb to Thumb Veneer to osalTimeUpdate 0x1fff1ce9   Thumb Code    12  anon$$obj.o(Veneer$$Code)
    Long Thumb to Thumb Veneer to set_timer  0x1fff1cf5   Thumb Code    12  anon$$obj.o(Veneer$$Code)
    Long Thumb to Thumb Veneer to app_wakeup_process 0x1fff1d01   Thumb Code    12  anon$$obj.o(Veneer$$Code)
    Long Thumb to Thumb Veneer to osal_start_system 0x1fff1d0d   Thumb Code    12  anon$$obj.o(Veneer$$Code)
    Long Thumb to Thumb Veneer to ll_hw_set_empty_head 0x1fff1d19   Thumb Code    12  anon$$obj.o(Veneer$$Code)
    Long Thumb to Thumb Veneer to ll_hw_set_rx_timeout_1st 0x1fff1d25   Thumb Code    12  anon$$obj.o(Veneer$$Code)
    Long Thumb to Thumb Veneer to ll_hw_set_loop_timeout 0x1fff1d31   Thumb Code    12  anon$$obj.o(Veneer$$Code)
    Long Thumb to Thumb Veneer to ll_hw_set_timing 0x1fff1d3d   Thumb Code    12  anon$$obj.o(Veneer$$Code)
    Long Thumb to Thumb Veneer to ll_hw_ign_rfifo 0x1fff1d49   Thumb Code    12  anon$$obj.o(Veneer$$Code)
    hal_UART1_IRQHandler                     0x1fff1e29   Thumb Code    52  uart.o(_section_sram_code_)
    hal_UART0_IRQHandler                     0x1fff1e5d   Thumb Code    52  uart.o(_section_sram_code_)
    osal_idle_task                           0x1fff1ed9   Thumb Code    14  pwrmgr.o(_section_sram_code_)
    hal_pwrmgr_enter_sleep_rtc_reset         0x1fff1ee7   Thumb Code    42  pwrmgr.o(_section_sram_code_)
    init_config                              0x1fff1f19   Thumb Code   586  patch.o(_section_xip_code_)
    TRNG_INIT                                0x1fff21ab   Thumb Code    34  patch.o(_section_xip_code_)
    TRNG_Rand                                0x1fff21cd   Thumb Code   152  patch.o(_section_xip_code_)
    LL_ENC_AES128_Encrypt1                   0x1fff2309   Thumb Code    26  patch.o(i.LL_ENC_AES128_Encrypt1)
    LL_ENC_Decrypt1                          0x1fff2325   Thumb Code   364  patch.o(i.LL_ENC_Decrypt1)
    LL_ENC_Encrypt1                          0x1fff249d   Thumb Code   342  patch.o(i.LL_ENC_Encrypt1)
    LL_IRQHandler1                           0x1fff25fd   Thumb Code   350  patch.o(i.LL_IRQHandler1)
    LL_SetDataLengh1                         0x1fff277d   Thumb Code    40  patch.o(i.LL_SetDataLengh1)
    LL_set_default_conn_params1              0x1fff27ad   Thumb Code    14  patch.o(i.LL_set_default_conn_params1)
    SystemInit                               0x1fff27d5   Thumb Code     8  system_armcm0.o(i.SystemInit)
    __scatterload_copy                       0x1fff28c9   Thumb Code    14  handlers.o(i.__scatterload_copy)
    __scatterload_null                       0x1fff28d7   Thumb Code     2  handlers.o(i.__scatterload_null)
    __scatterload_zeroinit                   0x1fff28d9   Thumb Code    14  handlers.o(i.__scatterload_zeroinit)
    __wdt_init                               0x1fff28e9   Thumb Code    12  patch.o(i.__wdt_init)
    _efuse_chip_version_check                0x1fff28f9   Thumb Code    26  phy_sec_ext.o(i._efuse_chip_version_check)
    _hard_fault                              0x1fff2919   Thumb Code   166  jump_table.o(i._hard_fault)
    _rom_sec_boot_init                       0x1fff2b01   Thumb Code    22  phy_sec_ext.o(i._rom_sec_boot_init)
    config_RTC1                              0x1fff2ded   Thumb Code   110  patch.o(i.config_RTC1)
    efuse_init                               0x1fff2e7d   Thumb Code    14  phy_sec_ext.o(i.efuse_init)
    finidv                                   0x1fff2e95   Thumb Code   126  phy_sec_ext.o(i.finidv)
    hal_GPIO_IRQHandler                      0x1fff2f21   Thumb Code    20  gpio.o(i.hal_GPIO_IRQHandler)
    hal_clk_gate_enable                      0x1fff2f81   Thumb Code    52  clock.o(i.hal_clk_gate_enable)
    hal_flash_erase_sector                   0x1fff2fb5   Thumb Code   172  flash.o(i.hal_flash_erase_sector)
    hal_flash_write_by_dma                   0x1fff306d   Thumb Code   160  flash.o(i.hal_flash_write_by_dma)
    hal_get_flash_info                       0x1fff3119   Thumb Code   180  flash.o(i.hal_get_flash_info)
    hal_gpio_cfg_analog_io                   0x1fff31dd   Thumb Code    44  gpio.o(i.hal_gpio_cfg_analog_io)
    hal_gpio_fmux                            0x1fff320d   Thumb Code    22  gpio.o(i.hal_gpio_fmux)
    hal_gpio_init                            0x1fff3229   Thumb Code    70  gpio.o(i.hal_gpio_init)
    hal_gpio_pin2pin3_control                0x1fff32c5   Thumb Code    24  gpio.o(i.hal_gpio_pin2pin3_control)
    hal_gpio_pin_init                        0x1fff32e1   Thumb Code    88  gpio.o(i.hal_gpio_pin_init)
    hal_gpio_pull_set                        0x1fff3341   Thumb Code    60  gpio.o(i.hal_gpio_pull_set)
    hal_gpio_read                            0x1fff3385   Thumb Code    30  gpio.o(i.hal_gpio_read)
    hal_gpio_wakeup_set                      0x1fff3519   Thumb Code   104  gpio.o(i.hal_gpio_wakeup_set)
    hal_gpio_write                           0x1fff3591   Thumb Code    30  gpio.o(i.hal_gpio_write)
    hal_gpioin_enable                        0x1fff35b5   Thumb Code    94  gpio.o(i.hal_gpioin_enable)
    hal_pwrmgr_LowCurrentLdo_enable          0x1fff3711   Thumb Code     4  pwrmgr.o(i.hal_pwrmgr_LowCurrentLdo_enable)
    hal_pwrmgr_RAM_retention                 0x1fff3715   Thumb Code    20  pwrmgr.o(i.hal_pwrmgr_RAM_retention)
    hal_pwrmgr_RAM_retention_clr             0x1fff372d   Thumb Code    16  pwrmgr.o(i.hal_pwrmgr_RAM_retention_clr)
    hal_pwrmgr_RAM_retention_set             0x1fff3741   Thumb Code    24  pwrmgr.o(i.hal_pwrmgr_RAM_retention_set)
    hal_pwrmgr_init                          0x1fff3761   Thumb Code    54  pwrmgr.o(i.hal_pwrmgr_init)
    hal_pwrmgr_register                      0x1fff37ad   Thumb Code    56  pwrmgr.o(i.hal_pwrmgr_register)
    hal_pwrmgr_sleep_process                 0x1fff37e9   Thumb Code    42  pwrmgr.o(i.hal_pwrmgr_sleep_process)
    hal_pwrmgr_unlock                        0x1fff3819   Thumb Code    94  pwrmgr.o(i.hal_pwrmgr_unlock)
    hal_pwrmgr_wakeup_process                0x1fff3881   Thumb Code   102  pwrmgr.o(i.hal_pwrmgr_wakeup_process)
    hal_rom_boot_init                        0x1fff3971   Thumb Code     8  patch.o(i.hal_rom_boot_init)
    hal_rtc_clock_config                     0x1fff3979   Thumb Code   118  clock.o(i.hal_rtc_clock_config)
    hal_spif_cache_init                      0x1fff39fd   Thumb Code    26  flash.o(i.hal_spif_cache_init)
    l2capPocessFragmentTxData                0x1fff3a9d   Thumb Code     2  patch.o(i.l2capPocessFragmentTxData)
    llConnTerminate1                         0x1fff3aa1   Thumb Code    64  patch.o(i.llConnTerminate1)
    llProcessTxData1                         0x1fff3ae5   Thumb Code    12  patch.o(i.llProcessTxData1)
    ll_adptive_adj_next_time1                0x1fff3af1   Thumb Code   154  patch.o(i.ll_adptive_adj_next_time1)
    ll_generateTxBuffer1                     0x1fff3bad   Thumb Code   410  patch.o(i.ll_generateTxBuffer1)
    ll_hw_go1                                0x1fff3d59   Thumb Code   322  patch.o(i.ll_hw_go1)
    ll_processBasicIRQ_SRX                   0x1fff3efd   Thumb Code    20  patch.o(i.ll_processBasicIRQ_SRX)
    ll_processBasicIRQ_ScanTRX               0x1fff3f15   Thumb Code    20  patch.o(i.ll_processBasicIRQ_ScanTRX)
    ll_processBasicIRQ_secondaryAdvTRX       0x1fff3f2d   Thumb Code    20  patch.o(i.ll_processBasicIRQ_secondaryAdvTRX)
    ll_processBasicIRQ_secondaryInitSRX      0x1fff3f45   Thumb Code    20  patch.o(i.ll_processBasicIRQ_secondaryInitSRX)
    ll_processBasicIRQ_secondaryScanSRX      0x1fff3f5d   Thumb Code    20  patch.o(i.ll_processBasicIRQ_secondaryScanSRX)
    main                                     0x1fff3f75   Thumb Code    64  main.o(i.main)
    osalInitTasks                            0x1fff3fc1   Thumb Code     2  slboot.o(i.osalInitTasks)
    ota_flash_erase                          0x1fff3fc5   Thumb Code    44  ota_flash.o(i.ota_flash_erase)
    rc32k_calibration                        0x1fff3ff9   Thumb Code   122  rf_phy_driver.o(i.rc32k_calibration)
    rf_calibrate1                            0x1fff4079   Thumb Code    22  rf_phy_driver.o(i.rf_calibrate1)
    rf_phy_ana_cfg                           0x1fff4095   Thumb Code   228  rf_phy_driver.o(i.rf_phy_ana_cfg)
    rf_phy_bb_cfg                            0x1fff41ad   Thumb Code   304  rf_phy_driver.o(i.rf_phy_bb_cfg)
    rf_phy_change_cfg0                       0x1fff4351   Thumb Code   138  rf_phy_driver.o(i.rf_phy_change_cfg0)
    rf_phy_ini                               0x1fff43f9   Thumb Code    42  rf_phy_driver.o(i.rf_phy_ini)
    rf_phy_set_txPower                       0x1fff4435   Thumb Code   108  rf_phy_driver.o(i.rf_phy_set_txPower)
    rf_rxDcoc_cfg                            0x1fff44a9   Thumb Code   236  rf_phy_driver.o(i.rf_rxDcoc_cfg)
    rf_tpCal_gen_cap_arrary                  0x1fff45c9   Thumb Code    60  rf_phy_driver.o(i.rf_tpCal_gen_cap_arrary)
    rf_tp_cal                                0x1fff4615   Thumb Code   236  rf_phy_driver.o(i.rf_tp_cal)
    slb_boot_load_exch_zone                  0x1fff4839   Thumb Code   112  slb.o(i.slb_boot_load_exch_zone)
    slb_spif_erase                           0x1fff48b5   Thumb Code    30  slb.o(i.slb_spif_erase)
    slb_spif_read                            0x1fff48d5   Thumb Code    38  slb.o(i.slb_spif_read)
    slb_spif_write                           0x1fff4901   Thumb Code    16  slb.o(i.slb_spif_write)
    slboot_main                              0x1fff4911   Thumb Code    10  slboot.o(i.slboot_main)
    wakeupProcess1                           0x1fff491d   Thumb Code   392  patch.o(i.wakeupProcess1)
    wakeup_init1                             0x1fff4af9   Thumb Code   270  patch.o(i.wakeup_init1)
    tasksCnt                                 0x1fff4c6e   Data           1  slboot.o(.constdata)
    tasksArr                                 0x1fff4c70   Data           8  slboot.o(.constdata)
    c_gpio_index                             0x1fff4c78   Data          23  gpio.o(.constdata)
    c_gpio_pull                              0x1fff4c8f   Data          69  gpio.o(.constdata)
    retention_reg                            0x1fff4cd4   Data          46  gpio.o(.constdata)
    Region$$Table$$Base                      0x1fff4d34   Number         0  anon$$obj.o(Region$$Table)
    Region$$Table$$Limit                     0x1fff4d94   Number         0  anon$$obj.o(Region$$Table)
    g_clk32K_config                          0x1fff4d94   Data           1  main.o(.data)
    tag_ota_fw                               0x1fff4d98   Data           4  slb.o(.data)
    tag_ota_fw_used                          0x1fff4d9c   Data           4  slb.o(.data)
    trap_c_callback                          0x1fff4da0   Data           4  jump_table.o(.data)
    tasksEvents                              0x1fff4da4   Data           4  slboot.o(.data)
    g_chipMAddr                              0x1fff4da8   Data           7  flash.o(.data)
    phy_flash                                0x1fff4db8   Data          12  flash.o(.data)
    s_config_swClk1                          0x1fff4dcc   Data           4  pwrmgr.o(.data)
    s_gpio_wakeup_src_group1                 0x1fff4dd4   Data           4  pwrmgr.o(.data)
    s_gpio_wakeup_src_group2                 0x1fff4dd8   Data           4  pwrmgr.o(.data)
    SystemCoreClock                          0x1fff4ddc   Data           4  system_armcm0.o(.data)
    CreateConn_Flag                          0x1fff4de0   Data           1  patch.o(.data)
    g_lastSlaveLatency                       0x1fff4de2   Data           2  patch.o(.data)
    pGlobal_config                           0x1fff4de4   Data           4  patch.o(.data)
    g_t_llhwgo                               0x1fff4de8   Data           4  patch.o(.data)
    g_test_p                                 0x1fff4dec   Data           4  patch.o(.data)
    g_xtal16M_tmp                            0x1fff4df0   Data           4  patch.o(.data)
    g_xtal96M_temp                           0x1fff4df4   Data           4  patch.o(.data)
    DLL_enable_num                           0x1fff4df8   Data           4  patch.o(.data)
    tracking_cnt                             0x1fff4dfc   Data           4  patch.o(.data)
    sleep_total                              0x1fff4e00   Data           4  patch.o(.data)
    s_company_id                             0x1fff4e04   Data           4  phy_sec_ext.o(.data)
    g_ota_sec_key_valid                      0x1fff4e08   Data           1  phy_sec_ext.o(.data)
    pwroff_register_number                   0x1fff4e0a   Data           1  pwrmgr.o(_section_standby_code_)
    s_pwroff_cfg                             0x1fff4e0c   Data          12  pwrmgr.o(_section_standby_code_)
    g_pConnectionBuffer                      0x1fff4e18   Data        3216  main.o(.bss)
    pConnContext                             0x1fff5aa8   Data         644  main.o(.bss)
    g_ota_sec_key                            0x1fff5f30   Data          16  phy_sec_ext.o(.bss)
    s_partition_buf                          0x1fffb300   Data       16400  slb.o(ota_partition_buffer_area)
    Long Thumb to Thumb Veneer to phy_sec_encrypt 0x1ffff401   Thumb Code    12  anon$$obj.o(Veneer$$Code)
    Long Thumb to Thumb Veneer to phy_sec_decrypt 0x1ffff40d   Thumb Code    12  anon$$obj.o(Veneer$$Code)
    flash_check_parition                     0x1ffff419   Thumb Code    28  aes.o(i.flash_check_parition)
    flash_load_parition                      0x1ffff43d   Thumb Code    28  aes.o(i.flash_load_parition)
    hal_system_soft_reset                    0x1ffff461   Thumb Code    26  clock.o(i.hal_system_soft_reset)
    is_crypto_app                            0x1ffff485   Thumb Code    16  aes.o(i.is_crypto_app)
    crc16                                    0x1ffff495   Thumb Code    54  ota_flash.o(ota_app_loader_area)
    ota_flash_read                           0x1ffff4cb   Thumb Code    84  ota_flash.o(ota_app_loader_area)
    ota_flash_load_app                       0x1ffff51f   Thumb Code   338  ota_flash.o(ota_app_loader_area)
    jump2app                                 0x1ffff69d   Thumb Code     8  slboot.o(ota_app_loader_area)
    run_application                          0x1ffff6a9   Thumb Code    26  slboot.o(ota_app_loader_area)
    ota_load_flash_addr                      0x1ffff6c4   Data           4  ota_flash.o(ota_app_loader_area)
    ota_load_run_addr                        0x1ffff6c8   Data           4  ota_flash.o(ota_app_loader_area)
    ota_load_size                            0x1ffff6cc   Data           4  ota_flash.o(ota_app_loader_area)
    ota_load_checksum                        0x1ffff6d0   Data           4  ota_flash.o(ota_app_loader_area)
    ota_load_crc                             0x1ffff6d4   Data           4  ota_flash.o(ota_app_loader_area)
    ota_boot_bypass_crc                      0x1ffff6d8   Data           4  ota_flash.o(ota_app_loader_area)
    crc16_table                              0x1ffff6dc   Data          32  ota_flash.o(ota_app_loader_area)
    __initial_sp                             0x1ffffb00   Data           0  startup_armcm0.o(STACK)



==============================================================================

Memory Map of the image

  Image Entry point : 0x1fff18f9

  Load Region LR_ROM_CODE (Base: 0x1fff1838, Size: 0x000035e0, Max: 0x00004700, ABSOLUTE)

    Execution Region ER_ROM_CODE (Base: 0x1fff1838, Size: 0x00004708, Max: 0x00009ac8, ABSOLUTE)

    Base Addr    Size         Type   Attr      Idx    E Section Name        Object

    0x1fff1838   0x000000c0   Data   RO         1110    RESET               startup_armcm0.o
    0x1fff18f8   0x00000000   Code   RO         1433  * .ARM.Collect$$$$00000000  mc_p.l(entry.o)
    0x1fff18f8   0x00000004   Code   RO         1436    .ARM.Collect$$$$00000001  mc_p.l(entry2.o)
    0x1fff18fc   0x00000004   Code   RO         1439    .ARM.Collect$$$$00000004  mc_p.l(entry5.o)
    0x1fff1900   0x00000000   Code   RO         1441    .ARM.Collect$$$$00000008  mc_p.l(entry7b.o)
    0x1fff1900   0x00000000   Code   RO         1443    .ARM.Collect$$$$0000000A  mc_p.l(entry8b.o)
    0x1fff1900   0x00000008   Code   RO         1444    .ARM.Collect$$$$0000000B  mc_p.l(entry9a.o)
    0x1fff1908   0x00000000   Code   RO         1446    .ARM.Collect$$$$0000000D  mc_p.l(entry10a.o)
    0x1fff1908   0x00000000   Code   RO         1448    .ARM.Collect$$$$0000000F  mc_p.l(entry11a.o)
    0x1fff1908   0x00000004   Code   RO         1437    .ARM.Collect$$$$00002712  mc_p.l(entry2.o)
    0x1fff190c   0x00000030   Code   RO          327    .emb_text           jump_table.o
    0x1fff193c   0x0000001c   Code   RO         1111    .text               startup_armcm0.o
    0x1fff1958   0x00000024   Code   RO         1450    .text               mc_p.l(init.o)
    0x1fff197c   0x0000003a   Code   RO         1460    .text               mc_p.l(__dczerorl.o)
    0x1fff19b6   0x00000002   PAD
    0x1fff19b8   0x0000000c   Ven    RO         1462    Veneer$$Code        anon$$obj.o
    0x1fff19c4   0x0000000c   Ven    RO         1463    Veneer$$Code        anon$$obj.o
    0x1fff19d0   0x0000000c   Ven    RO         1464    Veneer$$Code        anon$$obj.o
    0x1fff19dc   0x0000000c   Ven    RO         1465    Veneer$$Code        anon$$obj.o
    0x1fff19e8   0x0000000c   Ven    RO         1466    Veneer$$Code        anon$$obj.o
    0x1fff19f4   0x0000000c   Ven    RO         1467    Veneer$$Code        anon$$obj.o
    0x1fff1a00   0x0000000c   Ven    RO         1468    Veneer$$Code        anon$$obj.o
    0x1fff1a0c   0x0000000c   Ven    RO         1469    Veneer$$Code        anon$$obj.o
    0x1fff1a18   0x0000000c   Ven    RO         1470    Veneer$$Code        anon$$obj.o
    0x1fff1a24   0x0000000c   Ven    RO         1471    Veneer$$Code        anon$$obj.o
    0x1fff1a30   0x0000000c   Ven    RO         1472    Veneer$$Code        anon$$obj.o
    0x1fff1a3c   0x0000000c   Ven    RO         1473    Veneer$$Code        anon$$obj.o
    0x1fff1a48   0x0000000c   Ven    RO         1474    Veneer$$Code        anon$$obj.o
    0x1fff1a54   0x0000000c   Ven    RO         1475    Veneer$$Code        anon$$obj.o
    0x1fff1a60   0x0000000c   Ven    RO         1476    Veneer$$Code        anon$$obj.o
    0x1fff1a6c   0x0000000c   Ven    RO         1477    Veneer$$Code        anon$$obj.o
    0x1fff1a78   0x0000000c   Ven    RO         1478    Veneer$$Code        anon$$obj.o
    0x1fff1a84   0x0000000c   Ven    RO         1479    Veneer$$Code        anon$$obj.o
    0x1fff1a90   0x0000000c   Ven    RO         1480    Veneer$$Code        anon$$obj.o
    0x1fff1a9c   0x0000000c   Ven    RO         1481    Veneer$$Code        anon$$obj.o
    0x1fff1aa8   0x0000000c   Ven    RO         1482    Veneer$$Code        anon$$obj.o
    0x1fff1ab4   0x0000000c   Ven    RO         1483    Veneer$$Code        anon$$obj.o
    0x1fff1ac0   0x0000000c   Ven    RO         1484    Veneer$$Code        anon$$obj.o
    0x1fff1acc   0x0000000c   Ven    RO         1485    Veneer$$Code        anon$$obj.o
    0x1fff1ad8   0x0000000c   Ven    RO         1486    Veneer$$Code        anon$$obj.o
    0x1fff1ae4   0x0000000c   Ven    RO         1487    Veneer$$Code        anon$$obj.o
    0x1fff1af0   0x0000000c   Ven    RO         1488    Veneer$$Code        anon$$obj.o
    0x1fff1afc   0x0000000c   Ven    RO         1489    Veneer$$Code        anon$$obj.o
    0x1fff1b08   0x0000000c   Ven    RO         1490    Veneer$$Code        anon$$obj.o
    0x1fff1b14   0x0000000c   Ven    RO         1491    Veneer$$Code        anon$$obj.o
    0x1fff1b20   0x0000000c   Ven    RO         1492    Veneer$$Code        anon$$obj.o
    0x1fff1b2c   0x0000000c   Ven    RO         1493    Veneer$$Code        anon$$obj.o
    0x1fff1b38   0x0000000c   Ven    RO         1494    Veneer$$Code        anon$$obj.o
    0x1fff1b44   0x0000000c   Ven    RO         1495    Veneer$$Code        anon$$obj.o
    0x1fff1b50   0x0000000c   Ven    RO         1496    Veneer$$Code        anon$$obj.o
    0x1fff1b5c   0x0000000c   Ven    RO         1497    Veneer$$Code        anon$$obj.o
    0x1fff1b68   0x0000000c   Ven    RO         1498    Veneer$$Code        anon$$obj.o
    0x1fff1b74   0x0000000c   Ven    RO         1499    Veneer$$Code        anon$$obj.o
    0x1fff1b80   0x0000000c   Ven    RO         1500    Veneer$$Code        anon$$obj.o
    0x1fff1b8c   0x0000000c   Ven    RO         1501    Veneer$$Code        anon$$obj.o
    0x1fff1b98   0x0000000c   Ven    RO         1502    Veneer$$Code        anon$$obj.o
    0x1fff1ba4   0x0000000c   Ven    RO         1503    Veneer$$Code        anon$$obj.o
    0x1fff1bb0   0x0000000c   Ven    RO         1504    Veneer$$Code        anon$$obj.o
    0x1fff1bbc   0x0000000c   Ven    RO         1505    Veneer$$Code        anon$$obj.o
    0x1fff1bc8   0x0000000c   Ven    RO         1506    Veneer$$Code        anon$$obj.o
    0x1fff1bd4   0x0000000c   Ven    RO         1507    Veneer$$Code        anon$$obj.o
    0x1fff1be0   0x0000000c   Ven    RO         1508    Veneer$$Code        anon$$obj.o
    0x1fff1bec   0x0000000c   Ven    RO         1509    Veneer$$Code        anon$$obj.o
    0x1fff1bf8   0x0000000c   Ven    RO         1510    Veneer$$Code        anon$$obj.o
    0x1fff1c04   0x0000000c   Ven    RO         1511    Veneer$$Code        anon$$obj.o
    0x1fff1c10   0x0000000c   Ven    RO         1512    Veneer$$Code        anon$$obj.o
    0x1fff1c1c   0x0000000c   Ven    RO         1513    Veneer$$Code        anon$$obj.o
    0x1fff1c28   0x0000000c   Ven    RO         1514    Veneer$$Code        anon$$obj.o
    0x1fff1c34   0x0000000c   Ven    RO         1515    Veneer$$Code        anon$$obj.o
    0x1fff1c40   0x0000000c   Ven    RO         1516    Veneer$$Code        anon$$obj.o
    0x1fff1c4c   0x0000000c   Ven    RO         1517    Veneer$$Code        anon$$obj.o
    0x1fff1c58   0x0000000c   Ven    RO         1518    Veneer$$Code        anon$$obj.o
    0x1fff1c64   0x0000000c   Ven    RO         1519    Veneer$$Code        anon$$obj.o
    0x1fff1c70   0x0000000c   Ven    RO         1520    Veneer$$Code        anon$$obj.o
    0x1fff1c7c   0x0000000c   Ven    RO         1521    Veneer$$Code        anon$$obj.o
    0x1fff1c88   0x0000000c   Ven    RO         1522    Veneer$$Code        anon$$obj.o
    0x1fff1c94   0x0000000c   Ven    RO         1523    Veneer$$Code        anon$$obj.o
    0x1fff1ca0   0x0000000c   Ven    RO         1524    Veneer$$Code        anon$$obj.o
    0x1fff1cac   0x0000000c   Ven    RO         1525    Veneer$$Code        anon$$obj.o
    0x1fff1cb8   0x0000000c   Ven    RO         1526    Veneer$$Code        anon$$obj.o
    0x1fff1cc4   0x0000000c   Ven    RO         1527    Veneer$$Code        anon$$obj.o
    0x1fff1cd0   0x0000000c   Ven    RO         1528    Veneer$$Code        anon$$obj.o
    0x1fff1cdc   0x0000000c   Ven    RO         1529    Veneer$$Code        anon$$obj.o
    0x1fff1ce8   0x0000000c   Ven    RO         1530    Veneer$$Code        anon$$obj.o
    0x1fff1cf4   0x0000000c   Ven    RO         1531    Veneer$$Code        anon$$obj.o
    0x1fff1d00   0x0000000c   Ven    RO         1532    Veneer$$Code        anon$$obj.o
    0x1fff1d0c   0x0000000c   Ven    RO         1533    Veneer$$Code        anon$$obj.o
    0x1fff1d18   0x0000000c   Ven    RO         1534    Veneer$$Code        anon$$obj.o
    0x1fff1d24   0x0000000c   Ven    RO         1535    Veneer$$Code        anon$$obj.o
    0x1fff1d30   0x0000000c   Ven    RO         1536    Veneer$$Code        anon$$obj.o
    0x1fff1d3c   0x0000000c   Ven    RO         1537    Veneer$$Code        anon$$obj.o
    0x1fff1d48   0x0000000c   Ven    RO         1538    Veneer$$Code        anon$$obj.o
    0x1fff1d54   0x0000014c   Code   RO          661    _section_sram_code_  uart.o
    0x1fff1ea0   0x00000038   Code   RO          873    _section_sram_code_  flash.o
    0x1fff1ed8   0x00000040   Code   RO          985    _section_sram_code_  pwrmgr.o
    0x1fff1f18   0x000003f0   Code   RO         1155    _section_xip_code_  rf.lib(patch.o)
    0x1fff2308   0x0000001a   Code   RO         1162    i.LL_ENC_AES128_Encrypt1  rf.lib(patch.o)
    0x1fff2322   0x00000002   PAD
    0x1fff2324   0x00000178   Code   RO         1163    i.LL_ENC_Decrypt1   rf.lib(patch.o)
    0x1fff249c   0x00000160   Code   RO         1164    i.LL_ENC_Encrypt1   rf.lib(patch.o)
    0x1fff25fc   0x00000180   Code   RO         1167    i.LL_IRQHandler1    rf.lib(patch.o)
    0x1fff277c   0x00000030   Code   RO         1174    i.LL_SetDataLengh1  rf.lib(patch.o)
    0x1fff27ac   0x00000014   Code   RO         1178    i.LL_set_default_conn_params1  rf.lib(patch.o)
    0x1fff27c0   0x00000014   Code   RO         1180    i.NVIC_EnableIRQ    rf.lib(patch.o)
    0x1fff27d4   0x00000010   Code   RO         1118    i.SystemInit        system_armcm0.o
    0x1fff27e4   0x00000018   Code   RO          408    i.__NVIC_EnableIRQ  gpio.o
    0x1fff27fc   0x00000044   Code   RO            3    i.__NVIC_SetPriority  main.o
    0x1fff2840   0x00000044   Code   RO          409    i.__NVIC_SetPriority  gpio.o
    0x1fff2884   0x00000044   Code   RO          987    i.__NVIC_SetPriority  pwrmgr.o
    0x1fff28c8   0x0000000e   Code   RO         1454    i.__scatterload_copy  mc_p.l(handlers.o)
    0x1fff28d6   0x00000002   Code   RO         1455    i.__scatterload_null  mc_p.l(handlers.o)
    0x1fff28d8   0x0000000e   Code   RO         1456    i.__scatterload_zeroinit  mc_p.l(handlers.o)
    0x1fff28e6   0x00000002   PAD
    0x1fff28e8   0x00000010   Code   RO         1181    i.__wdt_init        rf.lib(patch.o)
    0x1fff28f8   0x00000020   Code   RO         1412    i._efuse_chip_version_check  rf.lib(phy_sec_ext.o)
    0x1fff2918   0x000001e8   Code   RO          328    i._hard_fault       jump_table.o
    0x1fff2b00   0x0000001c   Code   RO         1413    i._rom_sec_boot_init  rf.lib(phy_sec_ext.o)
    0x1fff2b1c   0x00000068   Code   RO          875    i._spif_wait_nobusy_x  flash.o
    0x1fff2b84   0x00000158   Code   RO         1182    i.check_16MXtal_by_rcTracking  rf.lib(patch.o)
    0x1fff2cdc   0x00000110   Code   RO         1183    i.check_96MXtal_by_rcTracking  rf.lib(patch.o)
    0x1fff2dec   0x00000090   Code   RO         1185    i.config_RTC1       rf.lib(patch.o)
    0x1fff2e7c   0x00000018   Code   RO         1414    i.efuse_init        rf.lib(phy_sec_ext.o)
    0x1fff2e94   0x0000008c   Code   RO         1415    i.finidv            rf.lib(phy_sec_ext.o)
    0x1fff2f20   0x00000018   Code   RO          410    i.hal_GPIO_IRQHandler  gpio.o
    0x1fff2f38   0x00000048   Code   RO          878    i.hal_cache_tag_flush  flash.o
    0x1fff2f80   0x00000034   Code   RO          790    i.hal_clk_gate_enable  clock.o
    0x1fff2fb4   0x000000b8   Code   RO          881    i.hal_flash_erase_sector  flash.o
    0x1fff306c   0x000000ac   Code   RO          884    i.hal_flash_write_by_dma  flash.o
    0x1fff3118   0x000000c4   Code   RO          885    i.hal_get_flash_info  flash.o
    0x1fff31dc   0x00000030   Code   RO          411    i.hal_gpio_cfg_analog_io  gpio.o
    0x1fff320c   0x0000001c   Code   RO          415    i.hal_gpio_fmux     gpio.o
    0x1fff3228   0x0000005c   Code   RO          417    i.hal_gpio_init     gpio.o
    0x1fff3284   0x00000040   Code   RO          418    i.hal_gpio_interrupt_enable  gpio.o
    0x1fff32c4   0x0000001c   Code   RO          419    i.hal_gpio_pin2pin3_control  gpio.o
    0x1fff32e0   0x00000060   Code   RO          420    i.hal_gpio_pin_init  gpio.o
    0x1fff3340   0x00000044   Code   RO          421    i.hal_gpio_pull_set  gpio.o
    0x1fff3384   0x00000024   Code   RO          422    i.hal_gpio_read     gpio.o
    0x1fff33a8   0x0000005c   Code   RO          423    i.hal_gpio_retention_enable  gpio.o
    0x1fff3404   0x00000048   Code   RO          424    i.hal_gpio_sleep_handler  gpio.o
    0x1fff344c   0x00000044   Code   RO          425    i.hal_gpio_wakeup_control  gpio.o
    0x1fff3490   0x00000088   Code   RO          426    i.hal_gpio_wakeup_handler  gpio.o
    0x1fff3518   0x00000078   Code   RO          427    i.hal_gpio_wakeup_set  gpio.o
    0x1fff3590   0x00000024   Code   RO          428    i.hal_gpio_write    gpio.o
    0x1fff35b4   0x00000064   Code   RO          430    i.hal_gpioin_enable  gpio.o
    0x1fff3618   0x00000068   Code   RO          431    i.hal_gpioin_event  gpio.o
    0x1fff3680   0x00000024   Code   RO          432    i.hal_gpioin_event_pin  gpio.o
    0x1fff36a4   0x0000006c   Code   RO            4    i.hal_low_power_io_init  main.o
    0x1fff3710   0x00000004   Code   RO          989    i.hal_pwrmgr_LowCurrentLdo_enable  pwrmgr.o
    0x1fff3714   0x00000018   Code   RO          990    i.hal_pwrmgr_RAM_retention  pwrmgr.o
    0x1fff372c   0x00000014   Code   RO          991    i.hal_pwrmgr_RAM_retention_clr  pwrmgr.o
    0x1fff3740   0x00000020   Code   RO          992    i.hal_pwrmgr_RAM_retention_set  pwrmgr.o
    0x1fff3760   0x0000004c   Code   RO          994    i.hal_pwrmgr_init   pwrmgr.o
    0x1fff37ac   0x0000003c   Code   RO          998    i.hal_pwrmgr_register  pwrmgr.o
    0x1fff37e8   0x00000030   Code   RO          999    i.hal_pwrmgr_sleep_process  pwrmgr.o
    0x1fff3818   0x00000068   Code   RO         1000    i.hal_pwrmgr_unlock  pwrmgr.o
    0x1fff3880   0x00000074   Code   RO         1002    i.hal_pwrmgr_wakeup_process  pwrmgr.o
    0x1fff38f4   0x0000007c   Code   RO            5    i.hal_rfphy_init    main.o
    0x1fff3970   0x00000008   Code   RO         1188    i.hal_rom_boot_init  rf.lib(patch.o)
    0x1fff3978   0x00000084   Code   RO          795    i.hal_rtc_clock_config  clock.o
    0x1fff39fc   0x00000024   Code   RO          886    i.hal_spif_cache_init  flash.o
    0x1fff3a20   0x0000007c   Code   RO          887    i.hw_spif_cache_config  flash.o
    0x1fff3a9c   0x00000002   Code   RO         1189    i.l2capPocessFragmentTxData  rf.lib(patch.o)
    0x1fff3a9e   0x00000002   PAD
    0x1fff3aa0   0x00000044   Code   RO         1192    i.llConnTerminate1  rf.lib(patch.o)
    0x1fff3ae4   0x0000000c   Code   RO         1196    i.llProcessTxData1  rf.lib(patch.o)
    0x1fff3af0   0x000000bc   Code   RO         1202    i.ll_adptive_adj_next_time1  rf.lib(patch.o)
    0x1fff3bac   0x000001ac   Code   RO         1203    i.ll_generateTxBuffer1  rf.lib(patch.o)
    0x1fff3d58   0x000001a4   Code   RO         1204    i.ll_hw_go1         rf.lib(patch.o)
    0x1fff3efc   0x00000018   Code   RO         1209    i.ll_processBasicIRQ_SRX  rf.lib(patch.o)
    0x1fff3f14   0x00000018   Code   RO         1211    i.ll_processBasicIRQ_ScanTRX  rf.lib(patch.o)
    0x1fff3f2c   0x00000018   Code   RO         1213    i.ll_processBasicIRQ_secondaryAdvTRX  rf.lib(patch.o)
    0x1fff3f44   0x00000018   Code   RO         1215    i.ll_processBasicIRQ_secondaryInitSRX  rf.lib(patch.o)
    0x1fff3f5c   0x00000018   Code   RO         1217    i.ll_processBasicIRQ_secondaryScanSRX  rf.lib(patch.o)
    0x1fff3f74   0x0000004c   Code   RO            6    i.main              main.o
    0x1fff3fc0   0x00000002   Code   RO          365    i.osalInitTasks     slboot.o
    0x1fff3fc2   0x00000002   PAD
    0x1fff3fc4   0x00000034   Code   RO          177    i.ota_flash_erase   ota_flash.o
    0x1fff3ff8   0x00000080   Code   RO         1313    i.rc32k_calibration  rf.lib(rf_phy_driver.o)
    0x1fff4078   0x0000001c   Code   RO         1314    i.rf_calibrate1     rf.lib(rf_phy_driver.o)
    0x1fff4094   0x00000118   Code   RO         1315    i.rf_phy_ana_cfg    rf.lib(rf_phy_driver.o)
    0x1fff41ac   0x000001a4   Code   RO         1316    i.rf_phy_bb_cfg     rf.lib(rf_phy_driver.o)
    0x1fff4350   0x000000a8   Code   RO         1317    i.rf_phy_change_cfg0  rf.lib(rf_phy_driver.o)
    0x1fff43f8   0x0000003c   Code   RO         1333    i.rf_phy_ini        rf.lib(rf_phy_driver.o)
    0x1fff4434   0x00000074   Code   RO         1334    i.rf_phy_set_txPower  rf.lib(rf_phy_driver.o)
    0x1fff44a8   0x00000120   Code   RO         1335    i.rf_rxDcoc_cfg     rf.lib(rf_phy_driver.o)
    0x1fff45c8   0x0000004c   Code   RO         1338    i.rf_tpCal_gen_cap_arrary  rf.lib(rf_phy_driver.o)
    0x1fff4614   0x0000011c   Code   RO         1339    i.rf_tp_cal         rf.lib(rf_phy_driver.o)
    0x1fff4730   0x00000108   Code   RO          248    i.slb_apply_exch_zone_to_fw  slb.o
    0x1fff4838   0x0000007c   Code   RO          249    i.slb_boot_load_exch_zone  slb.o
    0x1fff48b4   0x0000001e   Code   RO          253    i.slb_spif_erase    slb.o
    0x1fff48d2   0x00000002   PAD
    0x1fff48d4   0x0000002c   Code   RO          254    i.slb_spif_read     slb.o
    0x1fff4900   0x00000010   Code   RO          255    i.slb_spif_write    slb.o
    0x1fff4910   0x0000000a   Code   RO          366    i.slboot_main       slboot.o
    0x1fff491a   0x00000002   PAD
    0x1fff491c   0x000001dc   Code   RO         1225    i.wakeupProcess1    rf.lib(patch.o)
    0x1fff4af8   0x00000140   Code   RO         1226    i.wakeup_init1      rf.lib(patch.o)
    0x1fff4c38   0x00000036   Data   RO            8    .constdata          main.o
    0x1fff4c6e   0x00000001   Data   RO          368    .constdata          slboot.o
    0x1fff4c6f   0x00000001   PAD
    0x1fff4c70   0x00000008   Data   RO          369    .constdata          slboot.o
    0x1fff4c78   0x0000008a   Data   RO          439    .constdata          gpio.o
    0x1fff4d02   0x00000002   PAD
    0x1fff4d04   0x0000000c   Data   RO          675    .constdata          uart.o
    0x1fff4d10   0x0000000d   Data   RO          256    .conststring        slb.o
    0x1fff4d1d   0x00000003   PAD
    0x1fff4d20   0x00000011   Data   RO         1419    .conststring        rf.lib(phy_sec_ext.o)
    0x1fff4d31   0x00000003   PAD
    0x1fff4d34   0x00000060   Data   RO         1452    Region$$Table       anon$$obj.o
    0x1fff4d94   0x00000001   Data   RW            9    .data               main.o
    0x1fff4d95   0x00000003   PAD
    0x1fff4d98   0x00000008   Data   RW          258    .data               slb.o
    0x1fff4da0   0x00000004   Data   RW          329    .data               jump_table.o
    0x1fff4da4   0x00000004   Data   RW          370    .data               slboot.o
    0x1fff4da8   0x0000001c   Data   RW          889    .data               flash.o
    0x1fff4dc4   0x00000018   Data   RW         1004    .data               pwrmgr.o
    0x1fff4ddc   0x00000004   Data   RW         1119    .data               system_armcm0.o
    0x1fff4de0   0x00000024   Data   RW         1230    .data               rf.lib(patch.o)
    0x1fff4e04   0x00000004   Data   RW         1420    .data               rf.lib(phy_sec_ext.o)
    0x1fff4e08   0x00000001   Data   RW         1421    .data               rf.lib(phy_sec_ext.o)
    0x1fff4e09   0x00000001   PAD
    0x1fff4e0a   0x0000000e   Data   RW         1005    _section_standby_code_  pwrmgr.o
    0x1fff4e18   0x00000f14   Zero   RW            7    .bss                main.o
    0x1fff5d2c   0x0000012c   Zero   RW          438    .bss                gpio.o
    0x1fff5e58   0x00000040   Zero   RW          674    .bss                uart.o
    0x1fff5e98   0x00000078   Zero   RW         1003    .bss                pwrmgr.o
    0x1fff5f10   0x00000020   Zero   RW         1227    .bss                rf.lib(patch.o)
    0x1fff5f30   0x00000010   Zero   RW         1417    .bss                rf.lib(phy_sec_ext.o)



  Load Region LR_ROM_JT_GC (Base: 0x1fff0000, Size: 0x00000800, Max: 0x00000800, ABSOLUTE, COMPRESSED[0x0000040c])

    Execution Region JUMP_TABLE (Base: 0x1fff0000, Size: 0x00000400, Max: 0x00000400, ABSOLUTE)

    Base Addr    Size         Type   Attr      Idx    E Section Name        Object

    0x1fff0000   0x00000400   Data   RO          331    jump_table_mem_area  jump_table.o


    Execution Region GOLBAL_CONFIG (Base: 0x1fff0400, Size: 0x00000400, Max: 0x00000400, ABSOLUTE, COMPRESSED[0x0000000c])

    Base Addr    Size         Type   Attr      Idx    E Section Name        Object

    0x1fff0400   0x00000400   Data   RW          330    global_config_area  jump_table.o



  Load Region LR_OTA_SECTOR (Base: 0x1fffb300, Size: 0x00004010, Max: 0x00004100, ABSOLUTE, COMPRESSED[0x00000084])

    Execution Region OTA_SECTOR (Base: 0x1fffb300, Size: 0x00004010, Max: 0x00004100, ABSOLUTE, COMPRESSED[0x00000084])

    Base Addr    Size         Type   Attr      Idx    E Section Name        Object

    0x1fffb300   0x00004010   Data   RW          260    ota_partition_buffer_area  slb.o



  Load Region LR_OTA_LOADER (Base: 0x1ffff400, Size: 0x000002fc, Max: 0x00000c00, ABSOLUTE)

    Execution Region OTA_APP_LOADER (Base: 0x1ffff400, Size: 0x00000700, Max: 0x00000c00, ABSOLUTE)

    Base Addr    Size         Type   Attr      Idx    E Section Name        Object

    0x1ffff400   0x0000000c   Ven    RO         1539    Veneer$$Code        anon$$obj.o
    0x1ffff40c   0x0000000c   Ven    RO         1540    Veneer$$Code        anon$$obj.o
    0x1ffff418   0x00000024   Code   RO         1382    i.flash_check_parition  rf.lib(aes.o)
    0x1ffff43c   0x00000024   Code   RO         1383    i.flash_load_parition  rf.lib(aes.o)
    0x1ffff460   0x00000024   Code   RO          796    i.hal_system_soft_reset  clock.o
    0x1ffff484   0x00000010   Code   RO         1386    i.is_crypto_app     rf.lib(aes.o)
    0x1ffff494   0x00000208   Code   RO          183    ota_app_loader_area  ota_flash.o
    0x1ffff69c   0x0000000c   Code   RO          364    ota_app_loader_area  slboot.o
    0x1ffff6a8   0x0000001a   Code   RO          367    ota_app_loader_area  slboot.o
    0x1ffff6c2   0x00000002   PAD
    0x1ffff6c4   0x00000038   Data   RW          184    ota_app_loader_area  ota_flash.o
    0x1ffff6fc   0x00000004   PAD
    0x1ffff700   0x00000400   Zero   RW         1108    STACK               startup_armcm0.o


==============================================================================

Image component sizes


      Code (inc. data)   RO Data    RW Data    ZI Data      Debug   Object Name

       220         24          0          0          0       1761   clock.o
       944         90          0         28          0      16029   flash.o
      1340        146        138          0        300      22751   gpio.o
       536        332       1024       1028          0       2154   jump_table.o
       376         56         54          1       3860      61383   main.o
       572         52          0         56          0       4467   ota_flash.o
       616         88          0         38        120       8906   pwrmgr.o
       478         38         13      16408          0       5473   slb.o
        50          6          9          4          0       3188   slboot.o
        28          8        192          0       1024        656   startup_armcm0.o
        16          8          0          4          0        755   system_armcm0.o
       332         16         12          0         64       3000   uart.o

    ----------------------------------------------------------------------
      6464       1180       1544      17570       5372     130523   Object Totals
       948        316         96          0          0          0   (incl. Generated)
         8          0          6          3          4          0   (incl. Padding)

    ----------------------------------------------------------------------

      Code (inc. data)   RO Data    RW Data    ZI Data      Debug   Library Member Name

        58          0          0          0          0          0   __dczerorl.o
         0          0          0          0          0          0   entry.o
         0          0          0          0          0          0   entry10a.o
         0          0          0          0          0          0   entry11a.o
         8          4          0          0          0          0   entry2.o
         4          0          0          0          0          0   entry5.o
         0          0          0          0          0          0   entry7b.o
         0          0          0          0          0          0   entry8b.o
         8          4          0          0          0          0   entry9a.o
        30          0          0          0          0          0   handlers.o
        36          8          0          0          0         68   init.o
        88         16          0          0          0        220   aes.o
      5052        646          0         36         32       1960   patch.o
       224         36         17          5         16        276   phy_sec_ext.o
      1848        368          0          0          0        732   rf_phy_driver.o

    ----------------------------------------------------------------------
      7364       1082         20         42         48       3256   Library Totals
         8          0          3          1          0          0   (incl. Padding)

    ----------------------------------------------------------------------

      Code (inc. data)   RO Data    RW Data    ZI Data      Debug   Library Name

       144         16          0          0          0         68   mc_p.l
      7212       1066         17         41         48       3188   rf.lib

    ----------------------------------------------------------------------
      7364       1082         20         42         48       3256   Library Totals

    ----------------------------------------------------------------------

==============================================================================


      Code (inc. data)   RO Data    RW Data    ZI Data      Debug   

     13828       2262       1564      17612       5420     129631   Grand Totals
     13828       2262       1564        332       5420     129631   ELF Image Totals (compressed)
     13828       2262       1564        332          0          0   ROM Totals

==============================================================================

    Total RO  Size (Code + RO Data)                15392 (  15.03kB)
    Total RW  Size (RW Data + ZI Data)             23032 (  22.49kB)
    Total ROM Size (Code + RO Data + RW Data)      15724 (  15.36kB)

==============================================================================

